Archive member included to satisfy reference by file (symbol)

/usr/lib/gcc/arm-none-eabi/9.2.1/../../../arm-none-eabi/lib/thumb/v7e-m+dp/hard/libc_nano.a(lib_a-atexit.o)
                              /usr/lib/gcc/arm-none-eabi/9.2.1/../../../arm-none-eabi/lib/thumb/v7e-m+dp/hard/crt0.o (atexit)
/usr/lib/gcc/arm-none-eabi/9.2.1/../../../arm-none-eabi/lib/thumb/v7e-m+dp/hard/libc_nano.a(lib_a-exit.o)
                              /usr/lib/gcc/arm-none-eabi/9.2.1/../../../arm-none-eabi/lib/thumb/v7e-m+dp/hard/crt0.o (exit)
/usr/lib/gcc/arm-none-eabi/9.2.1/../../../arm-none-eabi/lib/thumb/v7e-m+dp/hard/libc_nano.a(lib_a-fini.o)
                              /usr/lib/gcc/arm-none-eabi/9.2.1/../../../arm-none-eabi/lib/thumb/v7e-m+dp/hard/crt0.o (__libc_fini_array)
/usr/lib/gcc/arm-none-eabi/9.2.1/../../../arm-none-eabi/lib/thumb/v7e-m+dp/hard/libc_nano.a(lib_a-impure.o)
                              /usr/lib/gcc/arm-none-eabi/9.2.1/../../../arm-none-eabi/lib/thumb/v7e-m+dp/hard/libc_nano.a(lib_a-exit.o) (_global_impure_ptr)
/usr/lib/gcc/arm-none-eabi/9.2.1/../../../arm-none-eabi/lib/thumb/v7e-m+dp/hard/libc_nano.a(lib_a-init.o)
                              /usr/lib/gcc/arm-none-eabi/9.2.1/../../../arm-none-eabi/lib/thumb/v7e-m+dp/hard/crt0.o (__libc_init_array)
/usr/lib/gcc/arm-none-eabi/9.2.1/../../../arm-none-eabi/lib/thumb/v7e-m+dp/hard/libc_nano.a(lib_a-malloc.o)
                              build/usbd_cdc.o (malloc)
/usr/lib/gcc/arm-none-eabi/9.2.1/../../../arm-none-eabi/lib/thumb/v7e-m+dp/hard/libc_nano.a(lib_a-memset.o)
                              /usr/lib/gcc/arm-none-eabi/9.2.1/../../../arm-none-eabi/lib/thumb/v7e-m+dp/hard/crt0.o (memset)
/usr/lib/gcc/arm-none-eabi/9.2.1/../../../arm-none-eabi/lib/thumb/v7e-m+dp/hard/libc_nano.a(lib_a-nano-freer.o)
                              /usr/lib/gcc/arm-none-eabi/9.2.1/../../../arm-none-eabi/lib/thumb/v7e-m+dp/hard/libc_nano.a(lib_a-malloc.o) (_free_r)
/usr/lib/gcc/arm-none-eabi/9.2.1/../../../arm-none-eabi/lib/thumb/v7e-m+dp/hard/libc_nano.a(lib_a-nano-mallocr.o)
                              /usr/lib/gcc/arm-none-eabi/9.2.1/../../../arm-none-eabi/lib/thumb/v7e-m+dp/hard/libc_nano.a(lib_a-malloc.o) (_malloc_r)
/usr/lib/gcc/arm-none-eabi/9.2.1/../../../arm-none-eabi/lib/thumb/v7e-m+dp/hard/libc_nano.a(lib_a-sbrkr.o)
                              /usr/lib/gcc/arm-none-eabi/9.2.1/../../../arm-none-eabi/lib/thumb/v7e-m+dp/hard/libc_nano.a(lib_a-nano-mallocr.o) (_sbrk_r)
/usr/lib/gcc/arm-none-eabi/9.2.1/../../../arm-none-eabi/lib/thumb/v7e-m+dp/hard/libc_nano.a(lib_a-sprintf.o)
                              build/main.o (sprintf)
/usr/lib/gcc/arm-none-eabi/9.2.1/../../../arm-none-eabi/lib/thumb/v7e-m+dp/hard/libc_nano.a(lib_a-__atexit.o)
                              /usr/lib/gcc/arm-none-eabi/9.2.1/../../../arm-none-eabi/lib/thumb/v7e-m+dp/hard/libc_nano.a(lib_a-atexit.o) (__register_exitproc)
/usr/lib/gcc/arm-none-eabi/9.2.1/../../../arm-none-eabi/lib/thumb/v7e-m+dp/hard/libc_nano.a(lib_a-__call_atexit.o)
                              /usr/lib/gcc/arm-none-eabi/9.2.1/../../../arm-none-eabi/lib/thumb/v7e-m+dp/hard/libc_nano.a(lib_a-__atexit.o) (__call_exitprocs)
/usr/lib/gcc/arm-none-eabi/9.2.1/../../../arm-none-eabi/lib/thumb/v7e-m+dp/hard/libc_nano.a(lib_a-mlock.o)
                              /usr/lib/gcc/arm-none-eabi/9.2.1/../../../arm-none-eabi/lib/thumb/v7e-m+dp/hard/libc_nano.a(lib_a-nano-freer.o) (__malloc_lock)
/usr/lib/gcc/arm-none-eabi/9.2.1/../../../arm-none-eabi/lib/thumb/v7e-m+dp/hard/libc_nano.a(lib_a-nano-svfprintf.o)
                              /usr/lib/gcc/arm-none-eabi/9.2.1/../../../arm-none-eabi/lib/thumb/v7e-m+dp/hard/libc_nano.a(lib_a-sprintf.o) (_svfprintf_r)
/usr/lib/gcc/arm-none-eabi/9.2.1/../../../arm-none-eabi/lib/thumb/v7e-m+dp/hard/libc_nano.a(lib_a-nano-vfprintf_i.o)
                              /usr/lib/gcc/arm-none-eabi/9.2.1/../../../arm-none-eabi/lib/thumb/v7e-m+dp/hard/libc_nano.a(lib_a-nano-svfprintf.o) (_printf_i)
/usr/lib/gcc/arm-none-eabi/9.2.1/../../../arm-none-eabi/lib/thumb/v7e-m+dp/hard/libc_nano.a(lib_a-reent.o)
                              /usr/lib/gcc/arm-none-eabi/9.2.1/../../../arm-none-eabi/lib/thumb/v7e-m+dp/hard/libc_nano.a(lib_a-sbrkr.o) (errno)
/usr/lib/gcc/arm-none-eabi/9.2.1/../../../arm-none-eabi/lib/thumb/v7e-m+dp/hard/libc_nano.a(lib_a-memchr.o)
                              /usr/lib/gcc/arm-none-eabi/9.2.1/../../../arm-none-eabi/lib/thumb/v7e-m+dp/hard/libc_nano.a(lib_a-nano-svfprintf.o) (memchr)
/usr/lib/gcc/arm-none-eabi/9.2.1/../../../arm-none-eabi/lib/thumb/v7e-m+dp/hard/libc_nano.a(lib_a-memcpy.o)
                              /usr/lib/gcc/arm-none-eabi/9.2.1/../../../arm-none-eabi/lib/thumb/v7e-m+dp/hard/libc_nano.a(lib_a-nano-svfprintf.o) (memcpy)
/usr/lib/gcc/arm-none-eabi/9.2.1/../../../arm-none-eabi/lib/thumb/v7e-m+dp/hard/libc_nano.a(lib_a-memmove.o)
[...]
Memory Configuration

Name             Origin             Length             Attributes
RAM              0x0000000020000000 0x0000000000080000 xrw
FLASH            0x0000000008000000 0x0000000000200000 xr
*default*        0x0000000000000000 0xffffffffffffffff

Linker script and memory map

LOAD /usr/lib/gcc/arm-none-eabi/9.2.1/thumb/v7e-m+dp/hard/crti.o
LOAD /usr/lib/gcc/arm-none-eabi/9.2.1/thumb/v7e-m+dp/hard/crtbegin.o
LOAD /usr/lib/gcc/arm-none-eabi/9.2.1/../../../arm-none-eabi/lib/thumb/v7e-m+dp/hard/crt0.o
LOAD build/main.o
LOAD build/stm32f7xx_it.o
LOAD build/stm32f7xx_hal_msp.o
LOAD build/stm32f7xx_hal_cortex.o
LOAD build/stm32f7xx_hal_tim.o
LOAD build/stm32f7xx_hal_tim_ex.o
LOAD build/stm32f7xx_hal_rcc.o
LOAD build/stm32f7xx_hal_rcc_ex.o
LOAD build/stm32f7xx_hal_flash.o
LOAD build/stm32f7xx_hal_flash_ex.o
LOAD build/stm32f7xx_hal_gpio.o
LOAD build/stm32f7xx_hal_dma.o
LOAD build/stm32f7xx_hal_dma_ex.o
LOAD build/stm32f7xx_hal_pwr.o
LOAD build/stm32f7xx_hal_pwr_ex.o
LOAD build/stm32f7xx_hal.o
LOAD build/stm32f7xx_hal_i2c.o
LOAD build/stm32f7xx_hal_i2c_ex.o
LOAD build/stm32f7xx_hal_exti.o
LOAD build/system_stm32f7xx.o
LOAD build/stm32f7xx_hal_uart.o
LOAD build/stm32f7xx_hal_uart_ex.o
LOAD build/stm32f7xx_hal_pcd.o
LOAD build/stm32f7xx_hal_pcd_ex.o
LOAD build/stm32f7xx_ll_usb.o
LOAD build/usb_device.o
LOAD build/usbd_desc.o
LOAD build/usbd_cdc_if.o
LOAD build/usbd_conf.o
LOAD build/usbd_core.o
LOAD build/usbd_ctlreq.o
LOAD build/usbd_ioreq.o
LOAD build/usbd_cdc.o
LOAD build/stm32f7xx_hal_spi.o
LOAD build/stm32f7xx_hal_spi_ex.o
LOAD build/startup_stm32f765xx.o
LOAD /usr/lib/gcc/arm-none-eabi/9.2.1/../../../arm-none-eabi/lib/thumb/v7e-m+dp/hard/libc_nano.a
LOAD /usr/lib/gcc/arm-none-eabi/9.2.1/../../../arm-none-eabi/lib/thumb/v7e-m+dp/hard/libm.a
LOAD /usr/lib/gcc/arm-none-eabi/9.2.1/../../../arm-none-eabi/lib/thumb/v7e-m+dp/hard/libnosys.a
START GROUP
LOAD /usr/lib/gcc/arm-none-eabi/9.2.1/thumb/v7e-m+dp/hard/libgcc.a
LOAD /usr/lib/gcc/arm-none-eabi/9.2.1/../../../arm-none-eabi/lib/thumb/v7e-m+dp/hard/libc_nano.a
END GROUP
START GROUP
LOAD /usr/lib/gcc/arm-none-eabi/9.2.1/thumb/v7e-m+dp/hard/libgcc.a
LOAD /usr/lib/gcc/arm-none-eabi/9.2.1/../../../arm-none-eabi/lib/thumb/v7e-m+dp/hard/libc_nano.a
END GROUP
LOAD /usr/lib/gcc/arm-none-eabi/9.2.1/thumb/v7e-m+dp/hard/crtend.o
LOAD /usr/lib/gcc/arm-none-eabi/9.2.1/thumb/v7e-m+dp/hard/crtn.o
                0x0000000020080000                _estack = (ORIGIN (RAM) + LENGTH (RAM))
                0x0000000000000600                _Min_Heap_Size = 0x600
                0x0000000000000400                _Min_Stack_Size = 0x400

.isr_vector     0x0000000008000000      0x1f8
                0x0000000008000000                . = ALIGN (0x4)
 *(.isr_vector)
 .isr_vector    0x0000000008000000      0x1f8 build/startup_stm32f765xx.o
                0x0000000008000000                g_pfnVectors
                0x00000000080001f8                . = ALIGN (0x4)

.text           0x0000000008000200     0x6c08
                0x0000000008000200                . = ALIGN (0x4)
 *(.text)
 .text          0x0000000008000200       0x88 /usr/lib/gcc/arm-none-eabi/9.2.1/thumb/v7e-m+dp/hard/crtbegin.o
 .text          0x0000000008000288       0x48 /usr/lib/gcc/arm-none-eabi/9.2.1/../../../arm-none-eabi/lib/thumb/v7e-m+dp/hard/libc_nano.a(lib_a-init.o)
                0x0000000008000288                __libc_init_array
 .text          0x00000000080002d0       0x20 /usr/lib/gcc/arm-none-eabi/9.2.1/../../../arm-none-eabi/lib/thumb/v7e-m+dp/hard/libc_nano.a(lib_a-malloc.o)
                0x00000000080002d0                malloc
                0x00000000080002e0                free
 .text          0x00000000080002f0       0xa0 /usr/lib/gcc/arm-none-eabi/9.2.1/../../../arm-none-eabi/lib/thumb/v7e-m+dp/hard/libc_nano.a(lib_a-memset.o)
                0x00000000080002f0                memset
 .text          0x0000000008000390       0xac /usr/lib/gcc/arm-none-eabi/9.2.1/../../../arm-none-eabi/lib/thumb/v7e-m+dp/hard/libc_nano.a(lib_a-nano-freer.o)
                0x0000000008000390                _free_r
 .text          0x000000000800043c       0xc8 /usr/lib/gcc/arm-none-eabi/9.2.1/../../../arm-none-eabi/lib/thumb/v7e-m+dp/hard/libc_nano.a(lib_a-nano-mallocr.o)
                0x000000000800043c                _malloc_r
 .text          0x0000000008000504       0x24 /usr/lib/gcc/arm-none-eabi/9.2.1/../../../arm-none-eabi/lib/thumb/v7e-m+dp/hard/libc_nano.a(lib_a-sbrkr.o)
                0x0000000008000504                _sbrk_r
 .text          0x0000000008000528       0x80 /usr/lib/gcc/arm-none-eabi/9.2.1/../../../arm-none-eabi/lib/thumb/v7e-m+dp/hard/libc_nano.a(lib_a-sprintf.o)
                0x0000000008000528                _siprintf_r
                0x0000000008000528                _sprintf_r
                0x0000000008000564                sprintf
                0x0000000008000564                siprintf
 .text          0x00000000080005a8        0x8 /usr/lib/gcc/arm-none-eabi/9.2.1/../../../arm-none-eabi/lib/thumb/v7e-m+dp/hard/libc_nano.a(lib_a-mlock.o)
                0x00000000080005a8                __malloc_lock
                0x00000000080005ac                __malloc_unlock
 .text          0x00000000080005b0      0x42c /usr/lib/gcc/arm-none-eabi/9.2.1/../../../arm-none-eabi/lib/thumb/v7e-m+dp/hard/libc_nano.a(lib_a-nano-svfprintf.o)
                0x00000000080005b0                __ssputs_r
                0x0000000008000670                __ssprint_r
                0x0000000008000768                _svfprintf_r
                0x0000000008000768                _svfiprintf_r
 .text          0x00000000080009dc      0x3c4 /usr/lib/gcc/arm-none-eabi/9.2.1/../../../arm-none-eabi/lib/thumb/v7e-m+dp/hard/libc_nano.a(lib_a-nano-vfprintf_i.o)
                0x00000000080009dc                _printf_common
                0x0000000008000b08                _printf_i
 .text          0x0000000008000da0       0xa0 /usr/lib/gcc/arm-none-eabi/9.2.1/../../../arm-none-eabi/lib/thumb/v7e-m+dp/hard/libc_nano.a(lib_a-memchr.o)
                0x0000000008000da0                memchr
 .text          0x0000000008000e40      0x134 /usr/lib/gcc/arm-none-eabi/9.2.1/../../../arm-none-eabi/lib/thumb/v7e-m+dp/hard/libc_nano.a(lib_a-memcpy.o)
                0x0000000008000e40                memcpy
 .text          0x0000000008000f74       0xd0 /usr/lib/gcc/arm-none-eabi/9.2.1/../../../arm-none-eabi/lib/thumb/v7e-m+dp/hard/libc_nano.a(lib_a-memmove.o)
                0x0000000008000f74                memmove
 .text          0x0000000008001044       0x4c /usr/lib/gcc/arm-none-eabi/9.2.1/../../../arm-none-eabi/lib/thumb/v7e-m+dp/hard/libc_nano.a(lib_a-nano-reallocr.o)
                0x0000000008001044                _realloc_r
 .text          0x0000000008001090       0x10 /usr/lib/gcc/arm-none-eabi/9.2.1/../../../arm-none-eabi/lib/thumb/v7e-m+dp/hard/libc_nano.a(lib_a-nano-msizer.o)
                0x0000000008001090                _malloc_usable_size_r
 .text          0x00000000080010a0       0x1c /usr/lib/gcc/arm-none-eabi/9.2.1/../../../arm-none-eabi/lib/thumb/v7e-m+dp/hard/libnosys.a(sbrk.o)
                0x00000000080010a0                _sbrk
 .text          0x00000000080010bc       0x30 /usr/lib/gcc/arm-none-eabi/9.2.1/thumb/v7e-m+dp/hard/libgcc.a(_aeabi_uldivmod.o)
                0x00000000080010bc                __aeabi_uldivmod
 .text          0x00000000080010ec      0x2c4 /usr/lib/gcc/arm-none-eabi/9.2.1/thumb/v7e-m+dp/hard/libgcc.a(_udivmoddi4.o)
                0x00000000080010ec                __udivmoddi4
 .text          0x00000000080013b0        0x4 /usr/lib/gcc/arm-none-eabi/9.2.1/thumb/v7e-m+dp/hard/libgcc.a(_dvmd_tls.o)
                0x00000000080013b0                __aeabi_ldiv0
                0x00000000080013b0                __aeabi_idiv0
 *(.text*)
 .text.MPU_Config
                0x00000000080013b4       0x52 build/main.o
 *fill*         0x0000000008001406        0x2 
 .text.MX_GPIO_Init
                0x0000000008001408      0x1d0 build/main.o
 .text.Error_Handler
                0x00000000080015d8        0x4 build/main.o
                0x00000000080015d8                Error_Handler
 .text.MX_TIM8_Init
                0x00000000080015dc       0xe4 build/main.o
 .text.MX_UART7_Init
                0x00000000080016c0       0x38 build/main.o
 .text.MX_SPI3_Init
                0x00000000080016f8       0x48 build/main.o
 .text.SystemClock_Config
                0x0000000008001740       0xb4 build/main.o
                0x0000000008001740                SystemClock_Config
 .text.main     0x00000000080017f4      0x3a4 build/main.o
                0x00000000080017f4                main
 .text.NMI_Handler
                0x0000000008001b98        0x2 build/stm32f7xx_it.o
                0x0000000008001b98                NMI_Handler
 .text.HardFault_Handler
                0x0000000008001b9a        0x2 build/stm32f7xx_it.o
                0x0000000008001b9a                HardFault_Handler
 .text.MemManage_Handler
                0x0000000008001b9c        0x2 build/stm32f7xx_it.o
                0x0000000008001b9c                MemManage_Handler
 .text.BusFault_Handler
                0x0000000008001b9e        0x2 build/stm32f7xx_it.o
                0x0000000008001b9e                BusFault_Handler
 .text.UsageFault_Handler
                0x0000000008001ba0        0x2 build/stm32f7xx_it.o
                0x0000000008001ba0                UsageFault_Handler
 .text.SVC_Handler
                0x0000000008001ba2        0x2 build/stm32f7xx_it.o
                0x0000000008001ba2                SVC_Handler
 .text.DebugMon_Handler
                0x0000000008001ba4        0x2 build/stm32f7xx_it.o
                0x0000000008001ba4                DebugMon_Handler
 .text.PendSV_Handler
                0x0000000008001ba6        0x2 build/stm32f7xx_it.o
                0x0000000008001ba6                PendSV_Handler
 .text.SysTick_Handler
                0x0000000008001ba8        0x8 build/stm32f7xx_it.o
                0x0000000008001ba8                SysTick_Handler
 .text.OTG_FS_IRQHandler
                0x0000000008001bb0       0x10 build/stm32f7xx_it.o
                0x0000000008001bb0                OTG_FS_IRQHandler
 .text.HAL_MspInit
                0x0000000008001bc0       0x30 build/stm32f7xx_hal_msp.o
                0x0000000008001bc0                HAL_MspInit
 .text.HAL_SPI_MspInit
                0x0000000008001bf0       0xbc build/stm32f7xx_hal_msp.o
                0x0000000008001bf0                HAL_SPI_MspInit
 .text.HAL_TIM_PWM_MspInit
                0x0000000008001cac       0x2c build/stm32f7xx_hal_msp.o
                0x0000000008001cac                HAL_TIM_PWM_MspInit
 .text.HAL_TIM_MspPostInit
                0x0000000008001cd8       0x5c build/stm32f7xx_hal_msp.o
                0x0000000008001cd8                HAL_TIM_MspPostInit
 .text.HAL_UART_MspInit
                0x0000000008001d34       0x90 build/stm32f7xx_hal_msp.o
                0x0000000008001d34                HAL_UART_MspInit
 .text.HAL_NVIC_SetPriorityGrouping
                0x0000000008001dc4       0x24 build/stm32f7xx_hal_cortex.o
                0x0000000008001dc4                HAL_NVIC_SetPriorityGrouping
 .text.HAL_NVIC_SetPriority
                0x0000000008001de8       0x64 build/stm32f7xx_hal_cortex.o
                0x0000000008001de8                HAL_NVIC_SetPriority
 .text.HAL_NVIC_EnableIRQ
                0x0000000008001e4c       0x1c build/stm32f7xx_hal_cortex.o
                0x0000000008001e4c                HAL_NVIC_EnableIRQ
 .text.HAL_SYSTICK_Config
                0x0000000008001e68       0x2c build/stm32f7xx_hal_cortex.o
                0x0000000008001e68                HAL_SYSTICK_Config
 .text.HAL_MPU_Disable
                0x0000000008001e94       0x20 build/stm32f7xx_hal_cortex.o
                0x0000000008001e94                HAL_MPU_Disable
 .text.HAL_MPU_Enable
                0x0000000008001eb4       0x24 build/stm32f7xx_hal_cortex.o
                0x0000000008001eb4                HAL_MPU_Enable
 .text.HAL_MPU_ConfigRegion
                0x0000000008001ed8       0x54 build/stm32f7xx_hal_cortex.o
                0x0000000008001ed8                HAL_MPU_ConfigRegion
 .text.TIM_OC1_SetConfig
                0x0000000008001f2c       0x68 build/stm32f7xx_hal_tim.o
 .text.TIM_OC3_SetConfig
                0x0000000008001f94       0x70 build/stm32f7xx_hal_tim.o
 .text.TIM_OC4_SetConfig
                0x0000000008002004       0x54 build/stm32f7xx_hal_tim.o
 .text.TIM_OC5_SetConfig
                0x0000000008002058       0x54 build/stm32f7xx_hal_tim.o
 .text.TIM_OC6_SetConfig
                0x00000000080020ac       0x54 build/stm32f7xx_hal_tim.o
 .text.HAL_TIM_Base_Start_IT
                0x0000000008002100       0x90 build/stm32f7xx_hal_tim.o
                0x0000000008002100                HAL_TIM_Base_Start_IT
 .text.TIM_Base_SetConfig
                0x0000000008002190      0x10c build/stm32f7xx_hal_tim.o
                0x0000000008002190                TIM_Base_SetConfig
 .text.HAL_TIM_PWM_Init
                0x000000000800229c       0x60 build/stm32f7xx_hal_tim.o
                0x000000000800229c                HAL_TIM_PWM_Init
 .text.TIM_OC2_SetConfig
                0x00000000080022fc       0x70 build/stm32f7xx_hal_tim.o
                0x00000000080022fc                TIM_OC2_SetConfig
 .text.HAL_TIM_PWM_ConfigChannel
                0x000000000800236c      0x13a build/stm32f7xx_hal_tim.o
                0x000000000800236c                HAL_TIM_PWM_ConfigChannel
 .text.TIM_CCxChannelCmd
                0x00000000080024a6       0x24 build/stm32f7xx_hal_tim.o
                0x00000000080024a6                TIM_CCxChannelCmd
 *fill*         0x00000000080024ca        0x2 
 .text.HAL_TIM_PWM_Start
                0x00000000080024cc      0x150 build/stm32f7xx_hal_tim.o
                0x00000000080024cc                HAL_TIM_PWM_Start
 .text.HAL_TIMEx_MasterConfigSynchronization
                0x000000000800261c       0xa0 build/stm32f7xx_hal_tim_ex.o
                0x000000000800261c                HAL_TIMEx_MasterConfigSynchronization
 .text.HAL_TIMEx_ConfigBreakDeadTime
                0x00000000080026bc       0x90 build/stm32f7xx_hal_tim_ex.o
                0x00000000080026bc                HAL_TIMEx_ConfigBreakDeadTime
 .text.HAL_RCC_OscConfig
                0x000000000800274c      0x444 build/stm32f7xx_hal_rcc.o
                0x000000000800274c                HAL_RCC_OscConfig
 .text.HAL_RCC_GetSysClockFreq
                0x0000000008002b90       0xa0 build/stm32f7xx_hal_rcc.o
                0x0000000008002b90                HAL_RCC_GetSysClockFreq
 .text.HAL_RCC_ClockConfig
                0x0000000008002c30      0x16c build/stm32f7xx_hal_rcc.o
                0x0000000008002c30                HAL_RCC_ClockConfig
 .text.HAL_RCC_GetHCLKFreq
                0x0000000008002d9c        0xc build/stm32f7xx_hal_rcc.o
                0x0000000008002d9c                HAL_RCC_GetHCLKFreq
 .text.HAL_RCC_GetPCLK1Freq
                0x0000000008002da8       0x20 build/stm32f7xx_hal_rcc.o
                0x0000000008002da8                HAL_RCC_GetPCLK1Freq
 .text.HAL_RCC_GetPCLK2Freq
                0x0000000008002dc8       0x20 build/stm32f7xx_hal_rcc.o
                0x0000000008002dc8                HAL_RCC_GetPCLK2Freq
 .text.HAL_RCCEx_PeriphCLKConfig
                0x0000000008002de8      0x5b8 build/stm32f7xx_hal_rcc_ex.o
                0x0000000008002de8                HAL_RCCEx_PeriphCLKConfig
 .text.HAL_GPIO_Init
                0x00000000080033a0      0x1ec build/stm32f7xx_hal_gpio.o
                0x00000000080033a0                HAL_GPIO_Init
 .text.HAL_GPIO_WritePin
                0x000000000800358c        0xc build/stm32f7xx_hal_gpio.o
                0x000000000800358c                HAL_GPIO_WritePin
 .text.HAL_GPIO_TogglePin
                0x0000000008003598       0x12 build/stm32f7xx_hal_gpio.o
                0x0000000008003598                HAL_GPIO_TogglePin
 *fill*         0x00000000080035aa        0x2 
 .text.HAL_PWREx_EnableOverDrive
                0x00000000080035ac       0x7c build/stm32f7xx_hal_pwr_ex.o
                0x00000000080035ac                HAL_PWREx_EnableOverDrive
 .text.HAL_InitTick
                0x0000000008003628       0x4c build/stm32f7xx_hal.o
                0x0000000008003628                HAL_InitTick
 .text.HAL_Init
                0x0000000008003674       0x16 build/stm32f7xx_hal.o
                0x0000000008003674                HAL_Init
 *fill*         0x000000000800368a        0x2 
 .text.HAL_IncTick
                0x000000000800368c       0x18 build/stm32f7xx_hal.o
                0x000000000800368c                HAL_IncTick
 .text.HAL_GetTick
                0x00000000080036a4        0xc build/stm32f7xx_hal.o
                0x00000000080036a4                HAL_GetTick
 .text.HAL_Delay
                0x00000000080036b0       0x28 build/stm32f7xx_hal.o
                0x00000000080036b0                HAL_Delay
 .text.SystemInit
                0x00000000080036d8       0x14 build/system_stm32f7xx.o
                0x00000000080036d8                SystemInit
 .text.UART_SetConfig
                0x00000000080036ec      0x330 build/stm32f7xx_hal_uart.o
                0x00000000080036ec                UART_SetConfig
 .text.UART_AdvFeatureConfig
                0x0000000008003a1c       0xca build/stm32f7xx_hal_uart.o
                0x0000000008003a1c                UART_AdvFeatureConfig
 .text.UART_WaitOnFlagUntilTimeout
                0x0000000008003ae6       0xd0 build/stm32f7xx_hal_uart.o
                0x0000000008003ae6                UART_WaitOnFlagUntilTimeout
 .text.HAL_UART_Transmit
                0x0000000008003bb6       0xdc build/stm32f7xx_hal_uart.o
                0x0000000008003bb6                HAL_UART_Transmit
 .text.UART_CheckIdleState
                0x0000000008003c92       0x70 build/stm32f7xx_hal_uart.o
                0x0000000008003c92                UART_CheckIdleState
 .text.HAL_UART_Init
                0x0000000008003d02       0x62 build/stm32f7xx_hal_uart.o
                0x0000000008003d02                HAL_UART_Init
 .text.PCD_WriteEmptyTxFifo
                0x0000000008003d64       0xd2 build/stm32f7xx_hal_pcd.o
 .text.HAL_PCD_Init
                0x0000000008003e36      0x134 build/stm32f7xx_hal_pcd.o
                0x0000000008003e36                HAL_PCD_Init
 .text.HAL_PCD_Start
                0x0000000008003f6a       0x2a build/stm32f7xx_hal_pcd.o
                0x0000000008003f6a                HAL_PCD_Start
 .text.PCD_EP_OutXfrComplete_int
                0x0000000008003f94       0xf8 build/stm32f7xx_hal_pcd.o
 .text.PCD_EP_OutSetupPacket_int
                0x000000000800408c       0x50 build/stm32f7xx_hal_pcd.o
 .text.HAL_PCD_IRQHandler
                0x00000000080040dc      0x4e2 build/stm32f7xx_hal_pcd.o
                0x00000000080040dc                HAL_PCD_IRQHandler
 .text.HAL_PCD_SetAddress
                0x00000000080045be       0x28 build/stm32f7xx_hal_pcd.o
                0x00000000080045be                HAL_PCD_SetAddress
 .text.HAL_PCD_EP_Open
                0x00000000080045e6       0x86 build/stm32f7xx_hal_pcd.o
                0x00000000080045e6                HAL_PCD_EP_Open
 .text.HAL_PCD_EP_Close
                0x000000000800466c       0x72 build/stm32f7xx_hal_pcd.o
                0x000000000800466c                HAL_PCD_EP_Close
 .text.HAL_PCD_EP_Receive
                0x00000000080046de       0x5e build/stm32f7xx_hal_pcd.o
                0x00000000080046de                HAL_PCD_EP_Receive
 .text.HAL_PCD_EP_GetRxCount
                0x000000000800473c       0x12 build/stm32f7xx_hal_pcd.o
                0x000000000800473c                HAL_PCD_EP_GetRxCount
 .text.HAL_PCD_EP_Transmit
                0x000000000800474e       0x56 build/stm32f7xx_hal_pcd.o
                0x000000000800474e                HAL_PCD_EP_Transmit
 .text.HAL_PCD_EP_SetStall
                0x00000000080047a4       0x88 build/stm32f7xx_hal_pcd.o
                0x00000000080047a4                HAL_PCD_EP_SetStall
 .text.HAL_PCD_EP_ClrStall
                0x000000000800482c       0x76 build/stm32f7xx_hal_pcd.o
                0x000000000800482c                HAL_PCD_EP_ClrStall
 .text.HAL_PCDEx_SetTxFiFo
                0x00000000080048a2       0x48 build/stm32f7xx_hal_pcd_ex.o
                0x00000000080048a2                HAL_PCDEx_SetTxFiFo
 .text.HAL_PCDEx_SetRxFiFo
                0x00000000080048ea        0x8 build/stm32f7xx_hal_pcd_ex.o
                0x00000000080048ea                HAL_PCDEx_SetRxFiFo
 *fill*         0x00000000080048f2        0x2 
 .text.HAL_PCDEx_ActivateLPM
                0x00000000080048f4       0x28 build/stm32f7xx_hal_pcd_ex.o
                0x00000000080048f4                HAL_PCDEx_ActivateLPM
 .text.USB_CoreReset
                0x000000000800491c       0x4c build/stm32f7xx_ll_usb.o
 .text.USB_CoreInit
                0x0000000008004968       0x7c build/stm32f7xx_ll_usb.o
                0x0000000008004968                USB_CoreInit
 .text.USB_SetTurnaroundTime
                0x00000000080049e4       0xe4 build/stm32f7xx_ll_usb.o
                0x00000000080049e4                USB_SetTurnaroundTime
 .text.USB_EnableGlobalInt
                0x0000000008004ac8        0xc build/stm32f7xx_ll_usb.o
                0x0000000008004ac8                USB_EnableGlobalInt
 .text.USB_DisableGlobalInt
                0x0000000008004ad4        0xc build/stm32f7xx_ll_usb.o
                0x0000000008004ad4                USB_DisableGlobalInt
 .text.USB_FlushTxFifo
                0x0000000008004ae0       0x4c build/stm32f7xx_ll_usb.o
                0x0000000008004ae0                USB_FlushTxFifo
 .text.USB_FlushRxFifo
                0x0000000008004b2c       0x48 build/stm32f7xx_ll_usb.o
                0x0000000008004b2c                USB_FlushRxFifo
 .text.USB_SetDevSpeed
                0x0000000008004b74        0xe build/stm32f7xx_ll_usb.o
                0x0000000008004b74                USB_SetDevSpeed
 *fill*         0x0000000008004b82        0x2 
 .text.USB_DevInit
                0x0000000008004b84      0x190 build/stm32f7xx_ll_usb.o
                0x0000000008004b84                USB_DevInit
 .text.USB_GetDevSpeed
                0x0000000008004d14       0x1e build/stm32f7xx_ll_usb.o
                0x0000000008004d14                USB_GetDevSpeed
 *fill*         0x0000000008004d32        0x2 
 .text.USB_ActivateEndpoint
                0x0000000008004d34       0x90 build/stm32f7xx_ll_usb.o
                0x0000000008004d34                USB_ActivateEndpoint
 .text.USB_DeactivateEndpoint
                0x0000000008004dc4       0xdc build/stm32f7xx_ll_usb.o
                0x0000000008004dc4                USB_DeactivateEndpoint
 .text.USB_EP0StartXfer
                0x0000000008004ea0      0x118 build/stm32f7xx_ll_usb.o
                0x0000000008004ea0                USB_EP0StartXfer
 .text.USB_WritePacket
                0x0000000008004fb8       0x28 build/stm32f7xx_ll_usb.o
                0x0000000008004fb8                USB_WritePacket
 .text.USB_EPStartXfer
                0x0000000008004fe0      0x214 build/stm32f7xx_ll_usb.o
                0x0000000008004fe0                USB_EPStartXfer
 .text.USB_ReadPacket
                0x00000000080051f4       0x4c build/stm32f7xx_ll_usb.o
                0x00000000080051f4                USB_ReadPacket
 .text.USB_EPSetStall
                0x0000000008005240       0x5a build/stm32f7xx_ll_usb.o
                0x0000000008005240                USB_EPSetStall
 .text.USB_EPClearStall
                0x000000000800529a       0x5c build/stm32f7xx_ll_usb.o
                0x000000000800529a                USB_EPClearStall
 .text.USB_SetDevAddress
                0x00000000080052f6       0x20 build/stm32f7xx_ll_usb.o
                0x00000000080052f6                USB_SetDevAddress
 .text.USB_DevConnect
                0x0000000008005316       0x1c build/stm32f7xx_ll_usb.o
                0x0000000008005316                USB_DevConnect
 .text.USB_DevDisconnect
                0x0000000008005332       0x1c build/stm32f7xx_ll_usb.o
                0x0000000008005332                USB_DevDisconnect
 .text.USB_ReadInterrupts
                0x000000000800534e        0x8 build/stm32f7xx_ll_usb.o
                0x000000000800534e                USB_ReadInterrupts
 .text.USB_ReadDevAllOutEpInterrupt
                0x0000000008005356       0x10 build/stm32f7xx_ll_usb.o
                0x0000000008005356                USB_ReadDevAllOutEpInterrupt
 .text.USB_ReadDevAllInEpInterrupt
                0x0000000008005366       0x10 build/stm32f7xx_ll_usb.o
                0x0000000008005366                USB_ReadDevAllInEpInterrupt
 .text.USB_ReadDevOutEPInterrupt
                0x0000000008005376       0x12 build/stm32f7xx_ll_usb.o
                0x0000000008005376                USB_ReadDevOutEPInterrupt
 .text.USB_ReadDevInEPInterrupt
                0x0000000008005388       0x28 build/stm32f7xx_ll_usb.o
                0x0000000008005388                USB_ReadDevInEPInterrupt
 .text.USB_GetMode
                0x00000000080053b0        0x8 build/stm32f7xx_ll_usb.o
                0x00000000080053b0                USB_GetMode
 .text.USB_SetCurrentMode
                0x00000000080053b8       0x62 build/stm32f7xx_ll_usb.o
                0x00000000080053b8                USB_SetCurrentMode
 *fill*         0x000000000800541a        0x2 
 .text.USB_ActivateSetup
                0x000000000800541c       0x20 build/stm32f7xx_ll_usb.o
                0x000000000800541c                USB_ActivateSetup
 .text.USB_EP0_OutStart
                0x000000000800543c       0x60 build/stm32f7xx_ll_usb.o
                0x000000000800543c                USB_EP0_OutStart
 .text.MX_USB_DEVICE_Init
                0x000000000800549c       0x54 build/usb_device.o
                0x000000000800549c                MX_USB_DEVICE_Init
 .text.USBD_FS_DeviceDescriptor
                0x00000000080054f0        0xc build/usbd_desc.o
                0x00000000080054f0                USBD_FS_DeviceDescriptor
 .text.USBD_FS_LangIDStrDescriptor
                0x00000000080054fc        0xc build/usbd_desc.o
                0x00000000080054fc                USBD_FS_LangIDStrDescriptor
 .text.USBD_FS_USR_BOSDescriptor
                0x0000000008005508        0xc build/usbd_desc.o
                0x0000000008005508                USBD_FS_USR_BOSDescriptor
 .text.IntToUnicode
                0x0000000008005514       0x38 build/usbd_desc.o
 .text.Get_SerialNum
                0x000000000800554c       0x34 build/usbd_desc.o
 .text.USBD_FS_SerialStrDescriptor
                0x0000000008005580       0x14 build/usbd_desc.o
                0x0000000008005580                USBD_FS_SerialStrDescriptor
 .text.USBD_FS_ProductStrDescriptor
                0x0000000008005594       0x24 build/usbd_desc.o
                0x0000000008005594                USBD_FS_ProductStrDescriptor
 .text.USBD_FS_ManufacturerStrDescriptor
                0x00000000080055b8       0x1c build/usbd_desc.o
                0x00000000080055b8                USBD_FS_ManufacturerStrDescriptor
 .text.USBD_FS_ConfigStrDescriptor
                0x00000000080055d4       0x24 build/usbd_desc.o
                0x00000000080055d4                USBD_FS_ConfigStrDescriptor
 .text.USBD_FS_InterfaceStrDescriptor
                0x00000000080055f8       0x24 build/usbd_desc.o
                0x00000000080055f8                USBD_FS_InterfaceStrDescriptor
 .text.CDC_DeInit_FS
                0x000000000800561c        0x4 build/usbd_cdc_if.o
 .text.CDC_Control_FS
                0x0000000008005620        0x4 build/usbd_cdc_if.o
 .text.CDC_TransmitCplt_FS
                0x0000000008005624        0x4 build/usbd_cdc_if.o
 .text.CDC_Init_FS
                0x0000000008005628       0x28 build/usbd_cdc_if.o
 .text.CDC_Transmit_FS
                0x0000000008005650       0x2c build/usbd_cdc_if.o
                0x0000000008005650                CDC_Transmit_FS
 .text.CDC_Receive_FS
                0x000000000800567c       0x28 build/usbd_cdc_if.o
 .text.SystemClockConfig_Resume
                0x00000000080056a4        0x8 build/usbd_conf.o
 .text.HAL_PCD_MspInit
                0x00000000080056ac       0xb0 build/usbd_conf.o
                0x00000000080056ac                HAL_PCD_MspInit
 .text.HAL_PCD_SetupStageCallback
                0x000000000800575c       0x10 build/usbd_conf.o
                0x000000000800575c                HAL_PCD_SetupStageCallback
 .text.HAL_PCD_DataOutStageCallback
                0x000000000800576c       0x18 build/usbd_conf.o
                0x000000000800576c                HAL_PCD_DataOutStageCallback
 .text.HAL_PCD_DataInStageCallback
                0x0000000008005784       0x16 build/usbd_conf.o
                0x0000000008005784                HAL_PCD_DataInStageCallback
 .text.HAL_PCD_SOFCallback
                0x000000000800579a        0xc build/usbd_conf.o
                0x000000000800579a                HAL_PCD_SOFCallback
 .text.HAL_PCD_ResetCallback
                0x00000000080057a6       0x2c build/usbd_conf.o
                0x00000000080057a6                HAL_PCD_ResetCallback
 *fill*         0x00000000080057d2        0x2 
 .text.HAL_PCD_SuspendCallback
                0x00000000080057d4       0x30 build/usbd_conf.o
                0x00000000080057d4                HAL_PCD_SuspendCallback
 .text.HAL_PCD_ResumeCallback
                0x0000000008005804        0xc build/usbd_conf.o
                0x0000000008005804                HAL_PCD_ResumeCallback
 .text.HAL_PCD_ISOOUTIncompleteCallback
                0x0000000008005810        0xc build/usbd_conf.o
                0x0000000008005810                HAL_PCD_ISOOUTIncompleteCallback
 .text.HAL_PCD_ISOINIncompleteCallback
                0x000000000800581c        0xc build/usbd_conf.o
                0x000000000800581c                HAL_PCD_ISOINIncompleteCallback
 .text.HAL_PCD_ConnectCallback
                0x0000000008005828        0xc build/usbd_conf.o
                0x0000000008005828                HAL_PCD_ConnectCallback
 .text.HAL_PCD_DisconnectCallback
                0x0000000008005834        0xc build/usbd_conf.o
                0x0000000008005834                HAL_PCD_DisconnectCallback
 .text.USBD_LL_Init
                0x0000000008005840       0x68 build/usbd_conf.o
                0x0000000008005840                USBD_LL_Init
 .text.USBD_LL_IsStallEP
                0x00000000080058a8       0x2e build/usbd_conf.o
                0x00000000080058a8                USBD_LL_IsStallEP
 .text.USBD_LL_GetRxDataSize
                0x00000000080058d6        0xc build/usbd_conf.o
                0x00000000080058d6                USBD_LL_GetRxDataSize
 *fill*         0x00000000080058e2        0x2 
 .text.HAL_PCDEx_LPM_Callback
                0x00000000080058e4       0x64 build/usbd_conf.o
                0x00000000080058e4                HAL_PCDEx_LPM_Callback
 .text.USBD_Get_USB_Status
                0x0000000008005948       0x14 build/usbd_conf.o
                0x0000000008005948                USBD_Get_USB_Status
 .text.USBD_LL_Start
                0x000000000800595c       0x10 build/usbd_conf.o
                0x000000000800595c                USBD_LL_Start
 .text.USBD_LL_OpenEP
                0x000000000800596c       0x16 build/usbd_conf.o
                0x000000000800596c                USBD_LL_OpenEP
 .text.USBD_LL_CloseEP
                0x0000000008005982       0x10 build/usbd_conf.o
                0x0000000008005982                USBD_LL_CloseEP
 .text.USBD_LL_StallEP
                0x0000000008005992       0x10 build/usbd_conf.o
                0x0000000008005992                USBD_LL_StallEP
 .text.USBD_LL_ClearStallEP
                0x00000000080059a2       0x10 build/usbd_conf.o
                0x00000000080059a2                USBD_LL_ClearStallEP
 .text.USBD_LL_SetUSBAddress
                0x00000000080059b2       0x10 build/usbd_conf.o
                0x00000000080059b2                USBD_LL_SetUSBAddress
 .text.USBD_LL_Transmit
                0x00000000080059c2       0x10 build/usbd_conf.o
                0x00000000080059c2                USBD_LL_Transmit
 .text.USBD_LL_PrepareReceive
                0x00000000080059d2       0x10 build/usbd_conf.o
                0x00000000080059d2                USBD_LL_PrepareReceive
 .text.USBD_Init
                0x00000000080059e2       0x38 build/usbd_core.o
                0x00000000080059e2                USBD_Init
 .text.USBD_RegisterClass
                0x0000000008005a1a       0x28 build/usbd_core.o
                0x0000000008005a1a                USBD_RegisterClass
 .text.USBD_Start
                0x0000000008005a42        0x8 build/usbd_core.o
                0x0000000008005a42                USBD_Start
 .text.USBD_SetClassConfig
                0x0000000008005a4a       0x12 build/usbd_core.o
                0x0000000008005a4a                USBD_SetClassConfig
 .text.USBD_ClrClassConfig
                0x0000000008005a5c       0x10 build/usbd_core.o
                0x0000000008005a5c                USBD_ClrClassConfig
 .text.USBD_LL_SetupStage
                0x0000000008005a6c       0x58 build/usbd_core.o
                0x0000000008005a6c                USBD_LL_SetupStage
 .text.USBD_LL_DataOutStage
                0x0000000008005ac4       0x72 build/usbd_core.o
                0x0000000008005ac4                USBD_LL_DataOutStage
 .text.USBD_LL_DataInStage
                0x0000000008005b36       0xb8 build/usbd_core.o
                0x0000000008005b36                USBD_LL_DataInStage
 .text.USBD_LL_Reset
                0x0000000008005bee       0x52 build/usbd_core.o
                0x0000000008005bee                USBD_LL_Reset
 .text.USBD_LL_SetSpeed
                0x0000000008005c40        0x6 build/usbd_core.o
                0x0000000008005c40                USBD_LL_SetSpeed
 .text.USBD_LL_Suspend
                0x0000000008005c46       0x12 build/usbd_core.o
                0x0000000008005c46                USBD_LL_Suspend
 .text.USBD_LL_Resume
                0x0000000008005c58       0x16 build/usbd_core.o
                0x0000000008005c58                USBD_LL_Resume
 .text.USBD_LL_SOF
                0x0000000008005c6e       0x1c build/usbd_core.o
                0x0000000008005c6e                USBD_LL_SOF
 .text.USBD_LL_IsoINIncomplete
                0x0000000008005c8a        0x4 build/usbd_core.o
                0x0000000008005c8a                USBD_LL_IsoINIncomplete
 .text.USBD_LL_IsoOUTIncomplete
                0x0000000008005c8e        0x4 build/usbd_core.o
                0x0000000008005c8e                USBD_LL_IsoOUTIncomplete
 .text.USBD_LL_DevConnected
                0x0000000008005c92        0x4 build/usbd_core.o
                0x0000000008005c92                USBD_LL_DevConnected
 .text.USBD_LL_DevDisconnected
                0x0000000008005c96       0x18 build/usbd_core.o
                0x0000000008005c96                USBD_LL_DevDisconnected
 .text.USBD_GetLen
                0x0000000008005cae       0x12 build/usbd_ctlreq.o
 .text.USBD_SetFeature
                0x0000000008005cc0       0x14 build/usbd_ctlreq.o
 .text.USBD_ParseSetupRequest
                0x0000000008005cd4       0x28 build/usbd_ctlreq.o
                0x0000000008005cd4                USBD_ParseSetupRequest
 .text.USBD_CtlError
                0x0000000008005cfc       0x14 build/usbd_ctlreq.o
                0x0000000008005cfc                USBD_CtlError
 .text.USBD_GetDescriptor
                0x0000000008005d10      0x1ac build/usbd_ctlreq.o
 .text.USBD_SetAddress
                0x0000000008005ebc       0x4e build/usbd_ctlreq.o
 *fill*         0x0000000008005f0a        0x2 
 .text.USBD_SetConfig
                0x0000000008005f0c       0xc4 build/usbd_ctlreq.o
 .text.USBD_GetConfig
                0x0000000008005fd0       0x3e build/usbd_ctlreq.o
 .text.USBD_GetStatus
                0x000000000800600e       0x38 build/usbd_ctlreq.o
 .text.USBD_ClrFeature
                0x0000000008006046       0x26 build/usbd_ctlreq.o
 .text.USBD_StdDevReq
                0x000000000800606c       0x70 build/usbd_ctlreq.o
                0x000000000800606c                USBD_StdDevReq
 .text.USBD_StdItfReq
                0x00000000080060dc       0x68 build/usbd_ctlreq.o
                0x00000000080060dc                USBD_StdItfReq
 .text.USBD_StdEPReq
                0x0000000008006144      0x212 build/usbd_ctlreq.o
                0x0000000008006144                USBD_StdEPReq
 .text.USBD_GetString
                0x0000000008006356       0x36 build/usbd_ctlreq.o
                0x0000000008006356                USBD_GetString
 .text.USBD_CtlSendData
                0x000000000800638c       0x1a build/usbd_ioreq.o
                0x000000000800638c                USBD_CtlSendData
 .text.USBD_CtlContinueSendData
                0x00000000080063a6       0x10 build/usbd_ioreq.o
                0x00000000080063a6                USBD_CtlContinueSendData
 .text.USBD_CtlPrepareRx
                0x00000000080063b6       0x1e build/usbd_ioreq.o
                0x00000000080063b6                USBD_CtlPrepareRx
 .text.USBD_CtlContinueRx
                0x00000000080063d4       0x10 build/usbd_ioreq.o
                0x00000000080063d4                USBD_CtlContinueRx
 .text.USBD_CtlSendStatus
                0x00000000080063e4       0x16 build/usbd_ioreq.o
                0x00000000080063e4                USBD_CtlSendStatus
 .text.USBD_CtlReceiveStatus
                0x00000000080063fa       0x16 build/usbd_ioreq.o
                0x00000000080063fa                USBD_CtlReceiveStatus
 .text.USBD_CDC_EP0_RxReady
                0x0000000008006410       0x28 build/usbd_cdc.o
 .text.USBD_CDC_GetFSCfgDesc
                0x0000000008006438        0xc build/usbd_cdc.o
 .text.USBD_CDC_GetHSCfgDesc
                0x0000000008006444        0xc build/usbd_cdc.o
 .text.USBD_CDC_GetOtherSpeedCfgDesc
                0x0000000008006450        0xc build/usbd_cdc.o
 .text.USBD_CDC_GetDeviceQualifierDescriptor
                0x000000000800645c        0xc build/usbd_cdc.o
                0x000000000800645c                USBD_CDC_GetDeviceQualifierDescriptor
 .text.USBD_CDC_DataOut
                0x0000000008006468       0x2a build/usbd_cdc.o
 .text.USBD_CDC_DataIn
                0x0000000008006492       0x64 build/usbd_cdc.o
 .text.USBD_CDC_Setup
                0x00000000080064f6       0xe0 build/usbd_cdc.o
 .text.USBD_CDC_DeInit
                0x00000000080065d6       0x48 build/usbd_cdc.o
 .text.USBD_CDC_Init
                0x000000000800661e       0xc2 build/usbd_cdc.o
 .text.USBD_CDC_RegisterInterface
                0x00000000080066e0        0xe build/usbd_cdc.o
                0x00000000080066e0                USBD_CDC_RegisterInterface
 .text.USBD_CDC_SetTxBuffer
                0x00000000080066ee       0x10 build/usbd_cdc.o
                0x00000000080066ee                USBD_CDC_SetTxBuffer
 .text.USBD_CDC_SetRxBuffer
                0x00000000080066fe        0xc build/usbd_cdc.o
                0x00000000080066fe                USBD_CDC_SetRxBuffer
 .text.USBD_CDC_TransmitPacket
                0x000000000800670a       0x34 build/usbd_cdc.o
                0x000000000800670a                USBD_CDC_TransmitPacket
 .text.USBD_CDC_ReceivePacket
                0x000000000800673e       0x32 build/usbd_cdc.o
                0x000000000800673e                USBD_CDC_ReceivePacket
 .text.SPI_WaitFlagStateUntilTimeout
                0x0000000008006770       0xd0 build/stm32f7xx_hal_spi.o
 .text.SPI_WaitFifoStateUntilTimeout
                0x0000000008006840       0xf4 build/stm32f7xx_hal_spi.o
 .text.SPI_EndRxTxTransaction
                0x0000000008006934       0xa0 build/stm32f7xx_hal_spi.o
 .text.HAL_SPI_Init
                0x00000000080069d4       0xe8 build/stm32f7xx_hal_spi.o
                0x00000000080069d4                HAL_SPI_Init
 .text.HAL_SPI_TransmitReceive
                0x0000000008006abc      0x2de build/stm32f7xx_hal_spi.o
                0x0000000008006abc                HAL_SPI_TransmitReceive
 *fill*         0x0000000008006d9a        0x2 
 .text.Reset_Handler
                0x0000000008006d9c       0x50 build/startup_stm32f765xx.o
                0x0000000008006d9c                Reset_Handler
 .text.Default_Handler
                0x0000000008006dec        0x2 build/startup_stm32f765xx.o
                0x0000000008006dec                RTC_Alarm_IRQHandler
                0x0000000008006dec                EXTI2_IRQHandler
                0x0000000008006dec                TIM8_CC_IRQHandler
                0x0000000008006dec                UART8_IRQHandler
                0x0000000008006dec                SPI4_IRQHandler
                0x0000000008006dec                TIM1_CC_IRQHandler
                0x0000000008006dec                DMA2_Stream5_IRQHandler
                0x0000000008006dec                DMA1_Stream5_IRQHandler
                0x0000000008006dec                CAN3_RX1_IRQHandler
                0x0000000008006dec                PVD_IRQHandler
                0x0000000008006dec                TAMP_STAMP_IRQHandler
                0x0000000008006dec                CAN2_RX1_IRQHandler
                0x0000000008006dec                EXTI3_IRQHandler
                0x0000000008006dec                TIM8_TRG_COM_TIM14_IRQHandler
                0x0000000008006dec                DFSDM1_FLT1_IRQHandler
                0x0000000008006dec                TIM1_UP_TIM10_IRQHandler
                0x0000000008006dec                TIM8_UP_TIM13_IRQHandler
                0x0000000008006dec                I2C3_ER_IRQHandler
                0x0000000008006dec                DFSDM1_FLT2_IRQHandler
                0x0000000008006dec                EXTI0_IRQHandler
                0x0000000008006dec                I2C2_EV_IRQHandler
                0x0000000008006dec                DMA1_Stream2_IRQHandler
                0x0000000008006dec                CAN1_RX0_IRQHandler
                0x0000000008006dec                FPU_IRQHandler
                0x0000000008006dec                OTG_HS_WKUP_IRQHandler
                0x0000000008006dec                CAN3_SCE_IRQHandler
                0x0000000008006dec                CAN2_SCE_IRQHandler
                0x0000000008006dec                DMA2_Stream2_IRQHandler
                0x0000000008006dec                SPI1_IRQHandler
                0x0000000008006dec                TIM6_DAC_IRQHandler
                0x0000000008006dec                TIM1_BRK_TIM9_IRQHandler
                0x0000000008006dec                DCMI_IRQHandler
                0x0000000008006dec                CAN2_RX0_IRQHandler
                0x0000000008006dec                DMA2_Stream3_IRQHandler
                0x0000000008006dec                SAI2_IRQHandler
                0x0000000008006dec                DFSDM1_FLT3_IRQHandler
                0x0000000008006dec                USART6_IRQHandler
                0x0000000008006dec                CAN3_RX0_IRQHandler
                0x0000000008006dec                USART3_IRQHandler
                0x0000000008006dec                CAN1_RX1_IRQHandler
                0x0000000008006dec                UART5_IRQHandler
                0x0000000008006dec                DMA2_Stream0_IRQHandler
                0x0000000008006dec                TIM4_IRQHandler
                0x0000000008006dec                QUADSPI_IRQHandler
                0x0000000008006dec                I2C1_EV_IRQHandler
                0x0000000008006dec                DMA1_Stream6_IRQHandler
                0x0000000008006dec                DMA1_Stream1_IRQHandler
                0x0000000008006dec                UART4_IRQHandler
                0x0000000008006dec                TIM3_IRQHandler
                0x0000000008006dec                RCC_IRQHandler
                0x0000000008006dec                TIM8_BRK_TIM12_IRQHandler
                0x0000000008006dec                Default_Handler
                0x0000000008006dec                CEC_IRQHandler
                0x0000000008006dec                EXTI15_10_IRQHandler
                0x0000000008006dec                ADC_IRQHandler
                0x0000000008006dec                DMA1_Stream7_IRQHandler
                0x0000000008006dec                SPI5_IRQHandler
                0x0000000008006dec                TIM7_IRQHandler
                0x0000000008006dec                SDMMC1_IRQHandler
                0x0000000008006dec                CAN2_TX_IRQHandler
                0x0000000008006dec                TIM5_IRQHandler
                0x0000000008006dec                DMA2_Stream7_IRQHandler
                0x0000000008006dec                I2C3_EV_IRQHandler
                0x0000000008006dec                EXTI9_5_IRQHandler
                0x0000000008006dec                RTC_WKUP_IRQHandler
                0x0000000008006dec                ETH_WKUP_IRQHandler
                0x0000000008006dec                SPDIF_RX_IRQHandler
                0x0000000008006dec                SPI2_IRQHandler
                0x0000000008006dec                OTG_HS_EP1_IN_IRQHandler
                0x0000000008006dec                DMA1_Stream0_IRQHandler
                0x0000000008006dec                CAN1_TX_IRQHandler
                0x0000000008006dec                EXTI4_IRQHandler
                0x0000000008006dec                RNG_IRQHandler
                0x0000000008006dec                ETH_IRQHandler
                0x0000000008006dec                OTG_HS_EP1_OUT_IRQHandler
                0x0000000008006dec                WWDG_IRQHandler
                0x0000000008006dec                SPI6_IRQHandler
                0x0000000008006dec                MDIOS_IRQHandler
                0x0000000008006dec                I2C4_EV_IRQHandler
                0x0000000008006dec                CAN3_TX_IRQHandler
                0x0000000008006dec                TIM2_IRQHandler
                0x0000000008006dec                OTG_FS_WKUP_IRQHandler
                0x0000000008006dec                TIM1_TRG_COM_TIM11_IRQHandler
                0x0000000008006dec                OTG_HS_IRQHandler
                0x0000000008006dec                DMA2D_IRQHandler
                0x0000000008006dec                EXTI1_IRQHandler
                0x0000000008006dec                SDMMC2_IRQHandler
                0x0000000008006dec                UART7_IRQHandler
                0x0000000008006dec                USART2_IRQHandler
                0x0000000008006dec                DFSDM1_FLT0_IRQHandler
                0x0000000008006dec                I2C2_ER_IRQHandler
                0x0000000008006dec                DMA2_Stream1_IRQHandler
                0x0000000008006dec                CAN1_SCE_IRQHandler
                0x0000000008006dec                FLASH_IRQHandler
                0x0000000008006dec                DMA2_Stream4_IRQHandler
                0x0000000008006dec                USART1_IRQHandler
                0x0000000008006dec                SPI3_IRQHandler
                0x0000000008006dec                DMA1_Stream4_IRQHandler
                0x0000000008006dec                I2C1_ER_IRQHandler
                0x0000000008006dec                FMC_IRQHandler
                0x0000000008006dec                LPTIM1_IRQHandler
                0x0000000008006dec                I2C4_ER_IRQHandler
                0x0000000008006dec                DMA2_Stream6_IRQHandler
                0x0000000008006dec                SAI1_IRQHandler
                0x0000000008006dec                DMA1_Stream3_IRQHandler
 *(.glue_7)
 .glue_7        0x0000000008006dee        0x0 linker stubs
 *(.glue_7t)
 .glue_7t       0x0000000008006dee        0x0 linker stubs
 *(.eh_frame)
 *fill*         0x0000000008006dee        0x2 
 .eh_frame      0x0000000008006df0        0x0 /usr/lib/gcc/arm-none-eabi/9.2.1/thumb/v7e-m+dp/hard/crtbegin.o
 *(.init)
 .init          0x0000000008006df0        0x4 /usr/lib/gcc/arm-none-eabi/9.2.1/thumb/v7e-m+dp/hard/crti.o
                0x0000000008006df0                _init
 .init          0x0000000008006df4        0x8 /usr/lib/gcc/arm-none-eabi/9.2.1/thumb/v7e-m+dp/hard/crtn.o
 *(.fini)
 .fini          0x0000000008006dfc        0x4 /usr/lib/gcc/arm-none-eabi/9.2.1/thumb/v7e-m+dp/hard/crti.o
                0x0000000008006dfc                _fini
 .fini          0x0000000008006e00        0x8 /usr/lib/gcc/arm-none-eabi/9.2.1/thumb/v7e-m+dp/hard/crtn.o
                0x0000000008006e08                . = ALIGN (0x4)
                0x0000000008006e08                _etext = .

.vfp11_veneer   0x0000000008006e08        0x0
 .vfp11_veneer  0x0000000008006e08        0x0 linker stubs

.v4_bx          0x0000000008006e08        0x0
 .v4_bx         0x0000000008006e08        0x0 linker stubs

.iplt           0x0000000008006e08        0x0
 .iplt          0x0000000008006e08        0x0 /usr/lib/gcc/arm-none-eabi/9.2.1/thumb/v7e-m+dp/hard/crtbegin.o

.rodata         0x0000000008006e08       0xa8
                0x0000000008006e08                . = ALIGN (0x4)
 *(.rodata)
 *(.rodata*)
 .rodata.main.str1.4
                0x0000000008006e08       0x20 build/main.o
 .rodata.AHBPrescTable
                0x0000000008006e28       0x10 build/system_stm32f7xx.o
                0x0000000008006e28                AHBPrescTable
 .rodata.APBPrescTable
                0x0000000008006e38        0x8 build/system_stm32f7xx.o
                0x0000000008006e38                APBPrescTable
 .rodata.USBD_FS_ProductStrDescriptor.str1.4
                0x0000000008006e40        0x9 build/usbd_desc.o
 *fill*         0x0000000008006e49        0x3 
 .rodata.USBD_FS_ManufacturerStrDescriptor.str1.4
                0x0000000008006e4c        0xc build/usbd_desc.o
 .rodata.USBD_FS_ConfigStrDescriptor.str1.4
                0x0000000008006e58        0xb build/usbd_desc.o
 *fill*         0x0000000008006e63        0x1 
 .rodata.USBD_FS_InterfaceStrDescriptor.str1.4
                0x0000000008006e64        0xe build/usbd_desc.o
 *fill*         0x0000000008006e72        0x2 
 .rodata.str1.4
                0x0000000008006e74       0x13 /usr/lib/gcc/arm-none-eabi/9.2.1/../../../arm-none-eabi/lib/thumb/v7e-m+dp/hard/libc_nano.a(lib_a-nano-svfprintf.o)
 *fill*         0x0000000008006e87        0x1 
 .rodata.str1.4
                0x0000000008006e88       0x25 /usr/lib/gcc/arm-none-eabi/9.2.1/../../../arm-none-eabi/lib/thumb/v7e-m+dp/hard/libc_nano.a(lib_a-nano-vfprintf_i.o)
                0x0000000008006eb0                . = ALIGN (0x4)
 *fill*         0x0000000008006ead        0x3 

.ARM.extab
 *(.ARM.extab* .gnu.linkonce.armextab.*)

.ARM            0x0000000008006eb0        0x8
                0x0000000008006eb0                __exidx_start = .
 *(.ARM.exidx*)
 .ARM.exidx     0x0000000008006eb0        0x8 /usr/lib/gcc/arm-none-eabi/9.2.1/thumb/v7e-m+dp/hard/libgcc.a(_udivmoddi4.o)
                0x0000000008006eb8                __exidx_end = .

.rel.dyn        0x0000000008006eb8        0x0
 .rel.iplt      0x0000000008006eb8        0x0 /usr/lib/gcc/arm-none-eabi/9.2.1/thumb/v7e-m+dp/hard/crtbegin.o

.preinit_array  0x0000000008006eb8        0x0
                0x0000000008006eb8                PROVIDE (__preinit_array_start = .)
 *(.preinit_array*)
                0x0000000008006eb8                PROVIDE (__preinit_array_end = .)

.init_array     0x0000000008006eb8        0x4
                0x0000000008006eb8                PROVIDE (__init_array_start = .)
 *(SORT_BY_NAME(.init_array.*))
 *(.init_array*)
 .init_array    0x0000000008006eb8        0x4 /usr/lib/gcc/arm-none-eabi/9.2.1/thumb/v7e-m+dp/hard/crtbegin.o
                0x0000000008006ebc                PROVIDE (__init_array_end = .)

.fini_array     0x0000000008006ebc        0x4
                0x0000000008006ebc                PROVIDE (__fini_array_start = .)
 *(SORT_BY_NAME(.fini_array.*))
 *(.fini_array*)
 .fini_array    0x0000000008006ebc        0x4 /usr/lib/gcc/arm-none-eabi/9.2.1/thumb/v7e-m+dp/hard/crtbegin.o
                0x0000000008006ec0                PROVIDE (__fini_array_end = .)
                0x0000000008006ec0                _sidata = LOADADDR (.data)

.data           0x0000000020000000      0x1f4 load address 0x0000000008006ec0
                0x0000000020000000                . = ALIGN (0x4)
                0x0000000020000000                _sdata = .
 *(.data)
 .data          0x0000000020000000       0x64 /usr/lib/gcc/arm-none-eabi/9.2.1/../../../arm-none-eabi/lib/thumb/v7e-m+dp/hard/libc_nano.a(lib_a-impure.o)
                0x0000000020000000                _impure_ptr
 *(.data*)
 .data.uwTickFreq
                0x0000000020000064        0x1 build/stm32f7xx_hal.o
                0x0000000020000064                uwTickFreq
 *fill*         0x0000000020000065        0x3 
 .data.uwTickPrio
                0x0000000020000068        0x4 build/stm32f7xx_hal.o
                0x0000000020000068                uwTickPrio
 .data.SystemCoreClock
                0x000000002000006c        0x4 build/system_stm32f7xx.o
                0x000000002000006c                SystemCoreClock
 .data.FS_Desc  0x0000000020000070       0x20 build/usbd_desc.o
                0x0000000020000070                FS_Desc
 .data.USBD_FS_BOSDesc
                0x0000000020000090        0xc build/usbd_desc.o
                0x0000000020000090                USBD_FS_BOSDesc
 .data.USBD_FS_DeviceDesc
                0x000000002000009c       0x12 build/usbd_desc.o
                0x000000002000009c                USBD_FS_DeviceDesc
 *fill*         0x00000000200000ae        0x2 
 .data.USBD_LangIDDesc
                0x00000000200000b0        0x4 build/usbd_desc.o
                0x00000000200000b0                USBD_LangIDDesc
 .data.USBD_StringSerial
                0x00000000200000b4       0x1a build/usbd_desc.o
                0x00000000200000b4                USBD_StringSerial
 *fill*         0x00000000200000ce        0x2 
 .data.USBD_Interface_fops_FS
                0x00000000200000d0       0x14 build/usbd_cdc_if.o
                0x00000000200000d0                USBD_Interface_fops_FS
 .data.USBD_CDC
                0x00000000200000e4       0x38 build/usbd_cdc.o
                0x00000000200000e4                USBD_CDC
 .data.USBD_CDC_CfgFSDesc
                0x000000002000011c       0x43 build/usbd_cdc.o
 *fill*         0x000000002000015f        0x1 
 .data.USBD_CDC_CfgHSDesc
                0x0000000020000160       0x43 build/usbd_cdc.o
 *fill*         0x00000000200001a3        0x1 
 .data.USBD_CDC_DeviceQualifierDesc
                0x00000000200001a4        0xa build/usbd_cdc.o
 *fill*         0x00000000200001ae        0x2 
 .data.USBD_CDC_OtherSpeedCfgDesc
                0x00000000200001b0       0x43 build/usbd_cdc.o
                0x00000000200001f4                . = ALIGN (0x4)
 *fill*         0x00000000200001f3        0x1 
                0x00000000200001f4                _edata = .

.tm_clone_table
                0x00000000200001f4        0x0 load address 0x00000000080070b4
 .tm_clone_table
                0x00000000200001f4        0x0 /usr/lib/gcc/arm-none-eabi/9.2.1/thumb/v7e-m+dp/hard/crtbegin.o
 .tm_clone_table
                0x00000000200001f4        0x0 /usr/lib/gcc/arm-none-eabi/9.2.1/thumb/v7e-m+dp/hard/crtend.o

.igot.plt       0x00000000200001f4        0x0 load address 0x00000000080070b4
 .igot.plt      0x00000000200001f4        0x0 /usr/lib/gcc/arm-none-eabi/9.2.1/thumb/v7e-m+dp/hard/crtbegin.o
                0x00000000200001f4                . = ALIGN (0x4)

.bss            0x00000000200001f4     0x1a40 load address 0x00000000080070b4
                0x00000000200001f4                _sbss = .
                0x00000000200001f4                __bss_start__ = _sbss
 *(.bss)
 .bss           0x00000000200001f4       0x1c /usr/lib/gcc/arm-none-eabi/9.2.1/thumb/v7e-m+dp/hard/crtbegin.o
 .bss           0x0000000020000210        0x8 /usr/lib/gcc/arm-none-eabi/9.2.1/../../../arm-none-eabi/lib/thumb/v7e-m+dp/hard/libc_nano.a(lib_a-nano-mallocr.o)
                0x0000000020000210                __malloc_free_list
                0x0000000020000214                __malloc_sbrk_start
 .bss           0x0000000020000218        0x4 /usr/lib/gcc/arm-none-eabi/9.2.1/../../../arm-none-eabi/lib/thumb/v7e-m+dp/hard/libnosys.a(sbrk.o)
 *(.bss*)
 .bss.cfgidx.11462
                0x000000002000021c        0x1 build/usbd_ctlreq.o
 *(COMMON)
 *fill*         0x000000002000021d        0x3 
 COMMON         0x0000000020000220      0x135 build/main.o
                0x0000000020000220                huart7
                0x00000000200002a4                htim8
                0x00000000200002f0                hspi3
                0x0000000020000354                i
 *fill*         0x0000000020000355        0x3 
 COMMON         0x0000000020000358        0x4 build/stm32f7xx_hal.o
                0x0000000020000358                uwTick
 COMMON         0x000000002000035c      0x2d0 build/usb_device.o
                0x000000002000035c                hUsbDeviceFS
 COMMON         0x000000002000062c      0x200 build/usbd_desc.o
                0x000000002000062c                USBD_StrDesc
 COMMON         0x000000002000082c     0x1000 build/usbd_cdc_if.o
                0x000000002000082c                UserRxBufferFS
                0x000000002000102c                UserTxBufferFS
 COMMON         0x000000002000182c      0x404 build/usbd_conf.o
                0x000000002000182c                hpcd_USB_OTG_FS
 COMMON         0x0000000020001c30        0x4 /usr/lib/gcc/arm-none-eabi/9.2.1/../../../arm-none-eabi/lib/thumb/v7e-m+dp/hard/libc_nano.a(lib_a-reent.o)
                0x0000000020001c30                errno
                0x0000000020001c34                . = ALIGN (0x4)
                0x0000000020001c34                _ebss = .
                0x0000000020001c34                __bss_end__ = _ebss

._user_heap_stack
                0x0000000020001c34      0xa04 load address 0x00000000080070b4
                0x0000000020001c38                . = ALIGN (0x8)
 *fill*         0x0000000020001c34        0x4 
                0x0000000020001c38                PROVIDE (end = .)
                [!provide]                        PROVIDE (_end = .)
                0x0000000020002238                . = (. + _Min_Heap_Size)
 *fill*         0x0000000020001c38      0x600 
                0x0000000020002638                . = (. + _Min_Stack_Size)
 *fill*         0x0000000020002238      0x400 
                0x0000000020002638                . = ALIGN (0x8)

/DISCARD/
 libc.a(*)
 libm.a(*)
 libgcc.a(*)

.ARM.attributes
                0x0000000000000000       0x2e
 *(.ARM.attributes)
 .ARM.attributes
                0x0000000000000000       0x1e /usr/lib/gcc/arm-none-eabi/9.2.1/thumb/v7e-m+dp/hard/crti.o
 .ARM.attributes
                0x000000000000001e       0x32 /usr/lib/gcc/arm-none-eabi/9.2.1/thumb/v7e-m+dp/hard/crtbegin.o
 .ARM.attributes
                0x0000000000000050       0x32 build/main.o
 .ARM.attributes
                0x0000000000000082       0x32 build/stm32f7xx_it.o
 .ARM.attributes
                0x00000000000000b4       0x32 build/stm32f7xx_hal_msp.o
 .ARM.attributes
                0x00000000000000e6       0x32 build/stm32f7xx_hal_cortex.o
 .ARM.attributes
                0x0000000000000118       0x32 build/stm32f7xx_hal_tim.o
 .ARM.attributes
                0x000000000000014a       0x32 build/stm32f7xx_hal_tim_ex.o
 .ARM.attributes
                0x000000000000017c       0x32 build/stm32f7xx_hal_rcc.o
 .ARM.attributes
                0x00000000000001ae       0x32 build/stm32f7xx_hal_rcc_ex.o
 .ARM.attributes
                0x00000000000001e0       0x32 build/stm32f7xx_hal_gpio.o
 .ARM.attributes
                0x0000000000000212       0x32 build/stm32f7xx_hal_pwr_ex.o
 .ARM.attributes
                0x0000000000000244       0x32 build/stm32f7xx_hal.o
 .ARM.attributes
                0x0000000000000276       0x32 build/system_stm32f7xx.o
 .ARM.attributes
                0x00000000000002a8       0x32 build/stm32f7xx_hal_uart.o
 .ARM.attributes
                0x00000000000002da       0x32 build/stm32f7xx_hal_pcd.o
 .ARM.attributes
                0x000000000000030c       0x32 build/stm32f7xx_hal_pcd_ex.o
 .ARM.attributes
                0x000000000000033e       0x32 build/stm32f7xx_ll_usb.o
 .ARM.attributes
                0x0000000000000370       0x32 build/usb_device.o
 .ARM.attributes
                0x00000000000003a2       0x32 build/usbd_desc.o
 .ARM.attributes
                0x00000000000003d4       0x32 build/usbd_cdc_if.o
 .ARM.attributes
                0x0000000000000406       0x32 build/usbd_conf.o
 .ARM.attributes
                0x0000000000000438       0x32 build/usbd_core.o
 .ARM.attributes
                0x000000000000046a       0x32 build/usbd_ctlreq.o
 .ARM.attributes
                0x000000000000049c       0x32 build/usbd_ioreq.o
 .ARM.attributes
                0x00000000000004ce       0x32 build/usbd_cdc.o
 .ARM.attributes
                0x0000000000000500       0x32 build/stm32f7xx_hal_spi.o
 .ARM.attributes
                0x0000000000000532       0x21 build/startup_stm32f765xx.o
 .ARM.attributes
                0x0000000000000553       0x30 /usr/lib/gcc/arm-none-eabi/9.2.1/../../../arm-none-eabi/lib/thumb/v7e-m+dp/hard/libc_nano.a(lib_a-impure.o)
 .ARM.attributes
                0x0000000000000583       0x32 /usr/lib/gcc/arm-none-eabi/9.2.1/../../../arm-none-eabi/lib/thumb/v7e-m+dp/hard/libc_nano.a(lib_a-init.o)
 .ARM.attributes
                0x00000000000005b5       0x32 /usr/lib/gcc/arm-none-eabi/9.2.1/../../../arm-none-eabi/lib/thumb/v7e-m+dp/hard/libc_nano.a(lib_a-malloc.o)
 .ARM.attributes
                0x00000000000005e7       0x32 /usr/lib/gcc/arm-none-eabi/9.2.1/../../../arm-none-eabi/lib/thumb/v7e-m+dp/hard/libc_nano.a(lib_a-memset.o)
 .ARM.attributes
                0x0000000000000619       0x32 /usr/lib/gcc/arm-none-eabi/9.2.1/../../../arm-none-eabi/lib/thumb/v7e-m+dp/hard/libc_nano.a(lib_a-nano-freer.o)
 .ARM.attributes
                0x000000000000064b       0x32 /usr/lib/gcc/arm-none-eabi/9.2.1/../../../arm-none-eabi/lib/thumb/v7e-m+dp/hard/libc_nano.a(lib_a-nano-mallocr.o)
 .ARM.attributes
                0x000000000000067d       0x32 /usr/lib/gcc/arm-none-eabi/9.2.1/../../../arm-none-eabi/lib/thumb/v7e-m+dp/hard/libc_nano.a(lib_a-sbrkr.o)
 .ARM.attributes
                0x00000000000006af       0x32 /usr/lib/gcc/arm-none-eabi/9.2.1/../../../arm-none-eabi/lib/thumb/v7e-m+dp/hard/libc_nano.a(lib_a-sprintf.o)
 .ARM.attributes
                0x00000000000006e1       0x32 /usr/lib/gcc/arm-none-eabi/9.2.1/../../../arm-none-eabi/lib/thumb/v7e-m+dp/hard/libc_nano.a(lib_a-mlock.o)
 .ARM.attributes
                0x0000000000000713       0x32 /usr/lib/gcc/arm-none-eabi/9.2.1/../../../arm-none-eabi/lib/thumb/v7e-m+dp/hard/libc_nano.a(lib_a-nano-svfprintf.o)
 .ARM.attributes
                0x0000000000000745       0x32 /usr/lib/gcc/arm-none-eabi/9.2.1/../../../arm-none-eabi/lib/thumb/v7e-m+dp/hard/libc_nano.a(lib_a-nano-vfprintf_i.o)
 .ARM.attributes
                0x0000000000000777       0x32 /usr/lib/gcc/arm-none-eabi/9.2.1/../../../arm-none-eabi/lib/thumb/v7e-m+dp/hard/libc_nano.a(lib_a-reent.o)
 .ARM.attributes
                0x00000000000007a9       0x1c /usr/lib/gcc/arm-none-eabi/9.2.1/../../../arm-none-eabi/lib/thumb/v7e-m+dp/hard/libc_nano.a(lib_a-memchr.o)
 .ARM.attributes
                0x00000000000007c5       0x1c /usr/lib/gcc/arm-none-eabi/9.2.1/../../../arm-none-eabi/lib/thumb/v7e-m+dp/hard/libc_nano.a(lib_a-memcpy.o)
 .ARM.attributes
                0x00000000000007e1       0x32 /usr/lib/gcc/arm-none-eabi/9.2.1/../../../arm-none-eabi/lib/thumb/v7e-m+dp/hard/libc_nano.a(lib_a-memmove.o)
 .ARM.attributes
                0x0000000000000813       0x32 /usr/lib/gcc/arm-none-eabi/9.2.1/../../../arm-none-eabi/lib/thumb/v7e-m+dp/hard/libc_nano.a(lib_a-nano-reallocr.o)
 .ARM.attributes
                0x0000000000000845       0x32 /usr/lib/gcc/arm-none-eabi/9.2.1/../../../arm-none-eabi/lib/thumb/v7e-m+dp/hard/libc_nano.a(lib_a-nano-msizer.o)
 .ARM.attributes
                0x0000000000000877       0x32 /usr/lib/gcc/arm-none-eabi/9.2.1/../../../arm-none-eabi/lib/thumb/v7e-m+dp/hard/libnosys.a(sbrk.o)
 .ARM.attributes
                0x00000000000008a9       0x1e /usr/lib/gcc/arm-none-eabi/9.2.1/thumb/v7e-m+dp/hard/libgcc.a(_aeabi_uldivmod.o)
 .ARM.attributes
                0x00000000000008c7       0x32 /usr/lib/gcc/arm-none-eabi/9.2.1/thumb/v7e-m+dp/hard/libgcc.a(_udivmoddi4.o)
 .ARM.attributes
                0x00000000000008f9       0x1e /usr/lib/gcc/arm-none-eabi/9.2.1/thumb/v7e-m+dp/hard/libgcc.a(_dvmd_tls.o)
 .ARM.attributes
                0x0000000000000917       0x30 /usr/lib/gcc/arm-none-eabi/9.2.1/thumb/v7e-m+dp/hard/crtend.o
 .ARM.attributes
                0x0000000000000947       0x1e /usr/lib/gcc/arm-none-eabi/9.2.1/thumb/v7e-m+dp/hard/crtn.o
OUTPUT(build/FANTA3D.elf elf32-littlearm)
LOAD linker stubs
LOAD /usr/lib/gcc/arm-none-eabi/9.2.1/../../../arm-none-eabi/lib/thumb/v7e-m+dp/hard/libc.a
LOAD /usr/lib/gcc/arm-none-eabi/9.2.1/../../../arm-none-eabi/lib/thumb/v7e-m+dp/hard/libm.a
LOAD /usr/lib/gcc/arm-none-eabi/9.2.1/thumb/v7e-m+dp/hard/libgcc.a

.comment        0x0000000000000000       0xa7
 .comment       0x0000000000000000       0x59 /usr/lib/gcc/arm-none-eabi/9.2.1/thumb/v7e-m+dp/hard/crtbegin.o
                                         0x5a (size before relaxing)
 .comment       0x0000000000000059       0x5a build/main.o
 .comment       0x0000000000000059       0x5a build/stm32f7xx_it.o
 .comment       0x0000000000000059       0x5a build/stm32f7xx_hal_msp.o
 .comment       0x0000000000000059       0x5a build/stm32f7xx_hal_cortex.o
 .comment       0x0000000000000059       0x5a build/stm32f7xx_hal_tim.o
 .comment       0x0000000000000059       0x5a build/stm32f7xx_hal_tim_ex.o
 .comment       0x0000000000000059       0x5a build/stm32f7xx_hal_rcc.o
 .comment       0x0000000000000059       0x5a build/stm32f7xx_hal_rcc_ex.o
 .comment       0x0000000000000059       0x5a build/stm32f7xx_hal_gpio.o
 .comment       0x0000000000000059       0x5a build/stm32f7xx_hal_pwr_ex.o
 .comment       0x0000000000000059       0x5a build/stm32f7xx_hal.o
 .comment       0x0000000000000059       0x5a build/system_stm32f7xx.o
 .comment       0x0000000000000059       0x5a build/stm32f7xx_hal_uart.o
 .comment       0x0000000000000059       0x5a build/stm32f7xx_hal_pcd.o
 .comment       0x0000000000000059       0x5a build/stm32f7xx_hal_pcd_ex.o
 .comment       0x0000000000000059       0x5a build/stm32f7xx_ll_usb.o
 .comment       0x0000000000000059       0x5a build/usb_device.o
 .comment       0x0000000000000059       0x5a build/usbd_desc.o
 .comment       0x0000000000000059       0x5a build/usbd_cdc_if.o
 .comment       0x0000000000000059       0x5a build/usbd_conf.o
 .comment       0x0000000000000059       0x5a build/usbd_core.o
 .comment       0x0000000000000059       0x5a build/usbd_ctlreq.o
 .comment       0x0000000000000059       0x5a build/usbd_ioreq.o
 .comment       0x0000000000000059       0x5a build/usbd_cdc.o
 .comment       0x0000000000000059       0x5a build/stm32f7xx_hal_spi.o
 .comment       0x0000000000000059       0x4e /usr/lib/gcc/arm-none-eabi/9.2.1/../../../arm-none-eabi/lib/thumb/v7e-m+dp/hard/libc_nano.a(lib_a-impure.o)
                                         0x4f (size before relaxing)
 .comment       0x00000000000000a7       0x4f /usr/lib/gcc/arm-none-eabi/9.2.1/../../../arm-none-eabi/lib/thumb/v7e-m+dp/hard/libc_nano.a(lib_a-init.o)
 .comment       0x00000000000000a7       0x4f /usr/lib/gcc/arm-none-eabi/9.2.1/../../../arm-none-eabi/lib/thumb/v7e-m+dp/hard/libc_nano.a(lib_a-malloc.o)
 .comment       0x00000000000000a7       0x4f /usr/lib/gcc/arm-none-eabi/9.2.1/../../../arm-none-eabi/lib/thumb/v7e-m+dp/hard/libc_nano.a(lib_a-memset.o)
 .comment       0x00000000000000a7       0x4f /usr/lib/gcc/arm-none-eabi/9.2.1/../../../arm-none-eabi/lib/thumb/v7e-m+dp/hard/libc_nano.a(lib_a-nano-freer.o)
 .comment       0x00000000000000a7       0x4f /usr/lib/gcc/arm-none-eabi/9.2.1/../../../arm-none-eabi/lib/thumb/v7e-m+dp/hard/libc_nano.a(lib_a-nano-mallocr.o)
 .comment       0x00000000000000a7       0x4f /usr/lib/gcc/arm-none-eabi/9.2.1/../../../arm-none-eabi/lib/thumb/v7e-m+dp/hard/libc_nano.a(lib_a-sbrkr.o)
 .comment       0x00000000000000a7       0x4f /usr/lib/gcc/arm-none-eabi/9.2.1/../../../arm-none-eabi/lib/thumb/v7e-m+dp/hard/libc_nano.a(lib_a-sprintf.o)
 .comment       0x00000000000000a7       0x4f /usr/lib/gcc/arm-none-eabi/9.2.1/../../../arm-none-eabi/lib/thumb/v7e-m+dp/hard/libc_nano.a(lib_a-mlock.o)
 .comment       0x00000000000000a7       0x4f /usr/lib/gcc/arm-none-eabi/9.2.1/../../../arm-none-eabi/lib/thumb/v7e-m+dp/hard/libc_nano.a(lib_a-nano-svfprintf.o)
 .comment       0x00000000000000a7       0x4f /usr/lib/gcc/arm-none-eabi/9.2.1/../../../arm-none-eabi/lib/thumb/v7e-m+dp/hard/libc_nano.a(lib_a-nano-vfprintf_i.o)
 .comment       0x00000000000000a7       0x4f /usr/lib/gcc/arm-none-eabi/9.2.1/../../../arm-none-eabi/lib/thumb/v7e-m+dp/hard/libc_nano.a(lib_a-reent.o)
 .comment       0x00000000000000a7       0x4f /usr/lib/gcc/arm-none-eabi/9.2.1/../../../arm-none-eabi/lib/thumb/v7e-m+dp/hard/libc_nano.a(lib_a-memmove.o)
 .comment       0x00000000000000a7       0x4f /usr/lib/gcc/arm-none-eabi/9.2.1/../../../arm-none-eabi/lib/thumb/v7e-m+dp/hard/libc_nano.a(lib_a-nano-reallocr.o)
 .comment       0x00000000000000a7       0x4f /usr/lib/gcc/arm-none-eabi/9.2.1/../../../arm-none-eabi/lib/thumb/v7e-m+dp/hard/libc_nano.a(lib_a-nano-msizer.o)
 .comment       0x00000000000000a7       0x4f /usr/lib/gcc/arm-none-eabi/9.2.1/../../../arm-none-eabi/lib/thumb/v7e-m+dp/hard/libnosys.a(sbrk.o)
 .comment       0x00000000000000a7       0x5a /usr/lib/gcc/arm-none-eabi/9.2.1/thumb/v7e-m+dp/hard/libgcc.a(_udivmoddi4.o)
 .comment       0x00000000000000a7       0x5a /usr/lib/gcc/arm-none-eabi/9.2.1/thumb/v7e-m+dp/hard/crtend.o

.debug_info     0x0000000000000000    0x36c00
 .debug_info    0x0000000000000000     0x35fc build/main.o
 .debug_info    0x00000000000035fc      0x7f0 build/stm32f7xx_it.o
 .debug_info    0x0000000000003dec     0x18bc build/stm32f7xx_hal_msp.o
 .debug_info    0x00000000000056a8     0x14c6 build/stm32f7xx_hal_cortex.o
 .debug_info    0x0000000000006b6e     0x42da build/stm32f7xx_hal_tim.o
 .debug_info    0x000000000000ae48     0x1f8c build/stm32f7xx_hal_tim_ex.o
 .debug_info    0x000000000000cdd4      0xd39 build/stm32f7xx_hal_rcc.o
 .debug_info    0x000000000000db0d      0xa45 build/stm32f7xx_hal_rcc_ex.o
 .debug_info    0x000000000000e552      0x93d build/stm32f7xx_hal_gpio.o
 .debug_info    0x000000000000ee8f      0xbd9 build/stm32f7xx_hal_pwr_ex.o
 .debug_info    0x000000000000fa68      0xc45 build/stm32f7xx_hal.o
 .debug_info    0x00000000000106ad      0x867 build/system_stm32f7xx.o
 .debug_info    0x0000000000010f14     0x541b build/stm32f7xx_hal_uart.o
 .debug_info    0x000000000001632f     0x1cf4 build/stm32f7xx_hal_pcd.o
 .debug_info    0x0000000000018023      0x925 build/stm32f7xx_hal_pcd_ex.o
 .debug_info    0x0000000000018948     0x21ea build/stm32f7xx_ll_usb.o
 .debug_info    0x000000000001ab32     0x1206 build/usb_device.o
 .debug_info    0x000000000001bd38     0x1113 build/usbd_desc.o
 .debug_info    0x000000000001ce4b     0x14ca build/usbd_cdc_if.o
 .debug_info    0x000000000001e315     0x31c5 build/usbd_conf.o
 .debug_info    0x00000000000214da     0x1994 build/usbd_core.o
 .debug_info    0x0000000000022e6e     0x1e40 build/usbd_ctlreq.o
 .debug_info    0x0000000000024cae     0x1371 build/usbd_ioreq.o
 .debug_info    0x000000000002601f     0x2015 build/usbd_cdc.o
 .debug_info    0x0000000000028034     0x2446 build/stm32f7xx_hal_spi.o
 .debug_info    0x000000000002a47a       0x22 build/startup_stm32f765xx.o
 .debug_info    0x000000000002a49c      0x92a /usr/lib/gcc/arm-none-eabi/9.2.1/../../../arm-none-eabi/lib/thumb/v7e-m+dp/hard/libc_nano.a(lib_a-impure.o)
 .debug_info    0x000000000002adc6      0x11a /usr/lib/gcc/arm-none-eabi/9.2.1/../../../arm-none-eabi/lib/thumb/v7e-m+dp/hard/libc_nano.a(lib_a-init.o)
 .debug_info    0x000000000002aee0      0x9b6 /usr/lib/gcc/arm-none-eabi/9.2.1/../../../arm-none-eabi/lib/thumb/v7e-m+dp/hard/libc_nano.a(lib_a-malloc.o)
 .debug_info    0x000000000002b896      0xf21 /usr/lib/gcc/arm-none-eabi/9.2.1/../../../arm-none-eabi/lib/thumb/v7e-m+dp/hard/libc_nano.a(lib_a-memset.o)
 .debug_info    0x000000000002c7b7      0xb85 /usr/lib/gcc/arm-none-eabi/9.2.1/../../../arm-none-eabi/lib/thumb/v7e-m+dp/hard/libc_nano.a(lib_a-nano-freer.o)
 .debug_info    0x000000000002d33c      0xc5a /usr/lib/gcc/arm-none-eabi/9.2.1/../../../arm-none-eabi/lib/thumb/v7e-m+dp/hard/libc_nano.a(lib_a-nano-mallocr.o)
 .debug_info    0x000000000002df96      0x9fb /usr/lib/gcc/arm-none-eabi/9.2.1/../../../arm-none-eabi/lib/thumb/v7e-m+dp/hard/libc_nano.a(lib_a-sbrkr.o)
 .debug_info    0x000000000002e991      0xc90 /usr/lib/gcc/arm-none-eabi/9.2.1/../../../arm-none-eabi/lib/thumb/v7e-m+dp/hard/libc_nano.a(lib_a-sprintf.o)
 .debug_info    0x000000000002f621      0x961 /usr/lib/gcc/arm-none-eabi/9.2.1/../../../arm-none-eabi/lib/thumb/v7e-m+dp/hard/libc_nano.a(lib_a-mlock.o)
 .debug_info    0x000000000002ff82     0x17e4 /usr/lib/gcc/arm-none-eabi/9.2.1/../../../arm-none-eabi/lib/thumb/v7e-m+dp/hard/libc_nano.a(lib_a-nano-svfprintf.o)
 .debug_info    0x0000000000031766     0x1592 /usr/lib/gcc/arm-none-eabi/9.2.1/../../../arm-none-eabi/lib/thumb/v7e-m+dp/hard/libc_nano.a(lib_a-nano-vfprintf_i.o)
 .debug_info    0x0000000000032cf8      0xb0f /usr/lib/gcc/arm-none-eabi/9.2.1/../../../arm-none-eabi/lib/thumb/v7e-m+dp/hard/libc_nano.a(lib_a-reent.o)
 .debug_info    0x0000000000033807       0x26 /usr/lib/gcc/arm-none-eabi/9.2.1/../../../arm-none-eabi/lib/thumb/v7e-m+dp/hard/libc_nano.a(lib_a-memchr.o)
 .debug_info    0x000000000003382d       0x26 /usr/lib/gcc/arm-none-eabi/9.2.1/../../../arm-none-eabi/lib/thumb/v7e-m+dp/hard/libc_nano.a(lib_a-memcpy.o)
 .debug_info    0x0000000000033853      0xf2b /usr/lib/gcc/arm-none-eabi/9.2.1/../../../arm-none-eabi/lib/thumb/v7e-m+dp/hard/libc_nano.a(lib_a-memmove.o)
 .debug_info    0x000000000003477e      0xb77 /usr/lib/gcc/arm-none-eabi/9.2.1/../../../arm-none-eabi/lib/thumb/v7e-m+dp/hard/libc_nano.a(lib_a-nano-reallocr.o)
 .debug_info    0x00000000000352f5      0xaa6 /usr/lib/gcc/arm-none-eabi/9.2.1/../../../arm-none-eabi/lib/thumb/v7e-m+dp/hard/libc_nano.a(lib_a-nano-msizer.o)
 .debug_info    0x0000000000035d9b       0x9d /usr/lib/gcc/arm-none-eabi/9.2.1/../../../arm-none-eabi/lib/thumb/v7e-m+dp/hard/libnosys.a(sbrk.o)
 .debug_info    0x0000000000035e38       0x26 /usr/lib/gcc/arm-none-eabi/9.2.1/thumb/v7e-m+dp/hard/libgcc.a(_aeabi_uldivmod.o)
 .debug_info    0x0000000000035e5e      0xd7c /usr/lib/gcc/arm-none-eabi/9.2.1/thumb/v7e-m+dp/hard/libgcc.a(_udivmoddi4.o)
 .debug_info    0x0000000000036bda       0x26 /usr/lib/gcc/arm-none-eabi/9.2.1/thumb/v7e-m+dp/hard/libgcc.a(_dvmd_tls.o)

.debug_abbrev   0x0000000000000000     0x6782
 .debug_abbrev  0x0000000000000000      0x3ab build/main.o
 .debug_abbrev  0x00000000000003ab      0x196 build/stm32f7xx_it.o
 .debug_abbrev  0x0000000000000541      0x27e build/stm32f7xx_hal_msp.o
 .debug_abbrev  0x00000000000007bf      0x3a8 build/stm32f7xx_hal_cortex.o
 .debug_abbrev  0x0000000000000b67      0x2af build/stm32f7xx_hal_tim.o
 .debug_abbrev  0x0000000000000e16      0x2ab build/stm32f7xx_hal_tim_ex.o
 .debug_abbrev  0x00000000000010c1      0x2f5 build/stm32f7xx_hal_rcc.o
 .debug_abbrev  0x00000000000013b6      0x203 build/stm32f7xx_hal_rcc_ex.o
 .debug_abbrev  0x00000000000015b9      0x258 build/stm32f7xx_hal_gpio.o
 .debug_abbrev  0x0000000000001811      0x1de build/stm32f7xx_hal_pwr_ex.o
 .debug_abbrev  0x00000000000019ef      0x21c build/stm32f7xx_hal.o
 .debug_abbrev  0x0000000000001c0b      0x159 build/system_stm32f7xx.o
 .debug_abbrev  0x0000000000001d64      0x340 build/stm32f7xx_hal_uart.o
 .debug_abbrev  0x00000000000020a4      0x2fe build/stm32f7xx_hal_pcd.o
 .debug_abbrev  0x00000000000023a2      0x1e1 build/stm32f7xx_hal_pcd_ex.o
 .debug_abbrev  0x0000000000002583      0x335 build/stm32f7xx_ll_usb.o
 .debug_abbrev  0x00000000000028b8      0x239 build/usb_device.o
 .debug_abbrev  0x0000000000002af1      0x2dd build/usbd_desc.o
 .debug_abbrev  0x0000000000002dce      0x36c build/usbd_cdc_if.o
 .debug_abbrev  0x000000000000313a      0x383 build/usbd_conf.o
 .debug_abbrev  0x00000000000034bd      0x331 build/usbd_core.o
 .debug_abbrev  0x00000000000037ee      0x41c build/usbd_ctlreq.o
 .debug_abbrev  0x0000000000003c0a      0x23a build/usbd_ioreq.o
 .debug_abbrev  0x0000000000003e44      0x39d build/usbd_cdc.o
 .debug_abbrev  0x00000000000041e1      0x2b8 build/stm32f7xx_hal_spi.o
 .debug_abbrev  0x0000000000004499       0x12 build/startup_stm32f765xx.o
 .debug_abbrev  0x00000000000044ab      0x17a /usr/lib/gcc/arm-none-eabi/9.2.1/../../../arm-none-eabi/lib/thumb/v7e-m+dp/hard/libc_nano.a(lib_a-impure.o)
 .debug_abbrev  0x0000000000004625       0xcc /usr/lib/gcc/arm-none-eabi/9.2.1/../../../arm-none-eabi/lib/thumb/v7e-m+dp/hard/libc_nano.a(lib_a-init.o)
 .debug_abbrev  0x00000000000046f1      0x1f2 /usr/lib/gcc/arm-none-eabi/9.2.1/../../../arm-none-eabi/lib/thumb/v7e-m+dp/hard/libc_nano.a(lib_a-malloc.o)
 .debug_abbrev  0x00000000000048e3      0x1d9 /usr/lib/gcc/arm-none-eabi/9.2.1/../../../arm-none-eabi/lib/thumb/v7e-m+dp/hard/libc_nano.a(lib_a-memset.o)
 .debug_abbrev  0x0000000000004abc      0x286 /usr/lib/gcc/arm-none-eabi/9.2.1/../../../arm-none-eabi/lib/thumb/v7e-m+dp/hard/libc_nano.a(lib_a-nano-freer.o)
 .debug_abbrev  0x0000000000004d42      0x2d1 /usr/lib/gcc/arm-none-eabi/9.2.1/../../../arm-none-eabi/lib/thumb/v7e-m+dp/hard/libc_nano.a(lib_a-nano-mallocr.o)
 .debug_abbrev  0x0000000000005013      0x212 /usr/lib/gcc/arm-none-eabi/9.2.1/../../../arm-none-eabi/lib/thumb/v7e-m+dp/hard/libc_nano.a(lib_a-sbrkr.o)
 .debug_abbrev  0x0000000000005225      0x274 /usr/lib/gcc/arm-none-eabi/9.2.1/../../../arm-none-eabi/lib/thumb/v7e-m+dp/hard/libc_nano.a(lib_a-sprintf.o)
 .debug_abbrev  0x0000000000005499      0x1c5 /usr/lib/gcc/arm-none-eabi/9.2.1/../../../arm-none-eabi/lib/thumb/v7e-m+dp/hard/libc_nano.a(lib_a-mlock.o)
 .debug_abbrev  0x000000000000565e      0x33f /usr/lib/gcc/arm-none-eabi/9.2.1/../../../arm-none-eabi/lib/thumb/v7e-m+dp/hard/libc_nano.a(lib_a-nano-svfprintf.o)
 .debug_abbrev  0x000000000000599d      0x2dc /usr/lib/gcc/arm-none-eabi/9.2.1/../../../arm-none-eabi/lib/thumb/v7e-m+dp/hard/libc_nano.a(lib_a-nano-vfprintf_i.o)
 .debug_abbrev  0x0000000000005c79      0x268 /usr/lib/gcc/arm-none-eabi/9.2.1/../../../arm-none-eabi/lib/thumb/v7e-m+dp/hard/libc_nano.a(lib_a-reent.o)
 .debug_abbrev  0x0000000000005ee1       0x14 /usr/lib/gcc/arm-none-eabi/9.2.1/../../../arm-none-eabi/lib/thumb/v7e-m+dp/hard/libc_nano.a(lib_a-memchr.o)
 .debug_abbrev  0x0000000000005ef5       0x14 /usr/lib/gcc/arm-none-eabi/9.2.1/../../../arm-none-eabi/lib/thumb/v7e-m+dp/hard/libc_nano.a(lib_a-memcpy.o)
 .debug_abbrev  0x0000000000005f09      0x1de /usr/lib/gcc/arm-none-eabi/9.2.1/../../../arm-none-eabi/lib/thumb/v7e-m+dp/hard/libc_nano.a(lib_a-memmove.o)
 .debug_abbrev  0x00000000000060e7      0x22a /usr/lib/gcc/arm-none-eabi/9.2.1/../../../arm-none-eabi/lib/thumb/v7e-m+dp/hard/libc_nano.a(lib_a-nano-reallocr.o)
 .debug_abbrev  0x0000000000006311      0x1e5 /usr/lib/gcc/arm-none-eabi/9.2.1/../../../arm-none-eabi/lib/thumb/v7e-m+dp/hard/libc_nano.a(lib_a-nano-msizer.o)
 .debug_abbrev  0x00000000000064f6       0xa2 /usr/lib/gcc/arm-none-eabi/9.2.1/../../../arm-none-eabi/lib/thumb/v7e-m+dp/hard/libnosys.a(sbrk.o)
 .debug_abbrev  0x0000000000006598       0x14 /usr/lib/gcc/arm-none-eabi/9.2.1/thumb/v7e-m+dp/hard/libgcc.a(_aeabi_uldivmod.o)
 .debug_abbrev  0x00000000000065ac      0x1c2 /usr/lib/gcc/arm-none-eabi/9.2.1/thumb/v7e-m+dp/hard/libgcc.a(_udivmoddi4.o)
 .debug_abbrev  0x000000000000676e       0x14 /usr/lib/gcc/arm-none-eabi/9.2.1/thumb/v7e-m+dp/hard/libgcc.a(_dvmd_tls.o)

.debug_loc      0x0000000000000000    0x1e191
 .debug_loc     0x0000000000000000      0x1fb build/main.o
 .debug_loc     0x00000000000001fb       0x40 build/stm32f7xx_it.o
 .debug_loc     0x000000000000023b      0x290 build/stm32f7xx_hal_msp.o
 .debug_loc     0x00000000000004cb      0x7c4 build/stm32f7xx_hal_cortex.o
 .debug_loc     0x0000000000000c8f     0x5df3 build/stm32f7xx_hal_tim.o
 .debug_loc     0x0000000000006a82     0x26f8 build/stm32f7xx_hal_tim_ex.o
 .debug_loc     0x000000000000917a      0x7f0 build/stm32f7xx_hal_rcc.o
 .debug_loc     0x000000000000996a      0x966 build/stm32f7xx_hal_rcc_ex.o
 .debug_loc     0x000000000000a2d0      0x5db build/stm32f7xx_hal_gpio.o
 .debug_loc     0x000000000000a8ab      0x3ca build/stm32f7xx_hal_pwr_ex.o
 .debug_loc     0x000000000000ac75      0x1e1 build/stm32f7xx_hal.o
 .debug_loc     0x000000000000ae56      0x16c build/system_stm32f7xx.o
 .debug_loc     0x000000000000afc2     0x50fa build/stm32f7xx_hal_uart.o
 .debug_loc     0x00000000000100bc     0x1562 build/stm32f7xx_hal_pcd.o
 .debug_loc     0x000000000001161e      0x17b build/stm32f7xx_hal_pcd_ex.o
 .debug_loc     0x0000000000011799     0x2928 build/stm32f7xx_ll_usb.o
 .debug_loc     0x00000000000140c1       0x20 build/usb_device.o
 .debug_loc     0x00000000000140e1      0x4a0 build/usbd_desc.o
 .debug_loc     0x0000000000014581      0x1d6 build/usbd_cdc_if.o
 .debug_loc     0x0000000000014757     0x1049 build/usbd_conf.o
 .debug_loc     0x00000000000157a0      0xbdb build/usbd_core.o
 .debug_loc     0x000000000001637b     0x18d0 build/usbd_ctlreq.o
 .debug_loc     0x0000000000017c4b      0x398 build/usbd_ioreq.o
 .debug_loc     0x0000000000017fe3      0x9c6 build/usbd_cdc.o
 .debug_loc     0x00000000000189a9     0x2774 build/stm32f7xx_hal_spi.o
 .debug_loc     0x000000000001b11d       0xba /usr/lib/gcc/arm-none-eabi/9.2.1/../../../arm-none-eabi/lib/thumb/v7e-m+dp/hard/libc_nano.a(lib_a-init.o)
 .debug_loc     0x000000000001b1d7       0x64 /usr/lib/gcc/arm-none-eabi/9.2.1/../../../arm-none-eabi/lib/thumb/v7e-m+dp/hard/libc_nano.a(lib_a-malloc.o)
 .debug_loc     0x000000000001b23b      0x231 /usr/lib/gcc/arm-none-eabi/9.2.1/../../../arm-none-eabi/lib/thumb/v7e-m+dp/hard/libc_nano.a(lib_a-memset.o)
 .debug_loc     0x000000000001b46c      0x211 /usr/lib/gcc/arm-none-eabi/9.2.1/../../../arm-none-eabi/lib/thumb/v7e-m+dp/hard/libc_nano.a(lib_a-nano-freer.o)
 .debug_loc     0x000000000001b67d      0x437 /usr/lib/gcc/arm-none-eabi/9.2.1/../../../arm-none-eabi/lib/thumb/v7e-m+dp/hard/libc_nano.a(lib_a-nano-mallocr.o)
 .debug_loc     0x000000000001bab4       0x6c /usr/lib/gcc/arm-none-eabi/9.2.1/../../../arm-none-eabi/lib/thumb/v7e-m+dp/hard/libc_nano.a(lib_a-sbrkr.o)
 .debug_loc     0x000000000001bb20       0xc2 /usr/lib/gcc/arm-none-eabi/9.2.1/../../../arm-none-eabi/lib/thumb/v7e-m+dp/hard/libc_nano.a(lib_a-sprintf.o)
 .debug_loc     0x000000000001bbe2      0x845 /usr/lib/gcc/arm-none-eabi/9.2.1/../../../arm-none-eabi/lib/thumb/v7e-m+dp/hard/libc_nano.a(lib_a-nano-svfprintf.o)
 .debug_loc     0x000000000001c427      0x7ab /usr/lib/gcc/arm-none-eabi/9.2.1/../../../arm-none-eabi/lib/thumb/v7e-m+dp/hard/libc_nano.a(lib_a-nano-vfprintf_i.o)
 .debug_loc     0x000000000001cbd2      0x135 /usr/lib/gcc/arm-none-eabi/9.2.1/../../../arm-none-eabi/lib/thumb/v7e-m+dp/hard/libc_nano.a(lib_a-reent.o)
 .debug_loc     0x000000000001cd07      0x2f1 /usr/lib/gcc/arm-none-eabi/9.2.1/../../../arm-none-eabi/lib/thumb/v7e-m+dp/hard/libc_nano.a(lib_a-memmove.o)
 .debug_loc     0x000000000001cff8      0x133 /usr/lib/gcc/arm-none-eabi/9.2.1/../../../arm-none-eabi/lib/thumb/v7e-m+dp/hard/libc_nano.a(lib_a-nano-reallocr.o)
 .debug_loc     0x000000000001d12b       0x86 /usr/lib/gcc/arm-none-eabi/9.2.1/../../../arm-none-eabi/lib/thumb/v7e-m+dp/hard/libc_nano.a(lib_a-nano-msizer.o)
 .debug_loc     0x000000000001d1b1       0x3e /usr/lib/gcc/arm-none-eabi/9.2.1/../../../arm-none-eabi/lib/thumb/v7e-m+dp/hard/libnosys.a(sbrk.o)
 .debug_loc     0x000000000001d1ef      0xfa2 /usr/lib/gcc/arm-none-eabi/9.2.1/thumb/v7e-m+dp/hard/libgcc.a(_udivmoddi4.o)

.debug_aranges  0x0000000000000000     0x17f0
 .debug_aranges
                0x0000000000000000       0x58 build/main.o
 .debug_aranges
                0x0000000000000058       0x68 build/stm32f7xx_it.o
 .debug_aranges
                0x00000000000000c0       0x58 build/stm32f7xx_hal_msp.o
 .debug_aranges
                0x0000000000000118       0xa8 build/stm32f7xx_hal_cortex.o
 .debug_aranges
                0x00000000000001c0      0x3e0 build/stm32f7xx_hal_tim.o
 .debug_aranges
                0x00000000000005a0      0x180 build/stm32f7xx_hal_tim_ex.o
 .debug_aranges
                0x0000000000000720       0x88 build/stm32f7xx_hal_rcc.o
 .debug_aranges
                0x00000000000007a8       0x50 build/stm32f7xx_hal_rcc_ex.o
 .debug_aranges
                0x00000000000007f8       0x58 build/stm32f7xx_hal_gpio.o
 .debug_aranges
                0x0000000000000850       0x80 build/stm32f7xx_hal_pwr_ex.o
 .debug_aranges
                0x00000000000008d0      0x110 build/stm32f7xx_hal.o
 .debug_aranges
                0x00000000000009e0       0x28 build/system_stm32f7xx.o
 .debug_aranges
                0x0000000000000a08      0x230 build/stm32f7xx_hal_uart.o
 .debug_aranges
                0x0000000000000c38      0x140 build/stm32f7xx_hal_pcd.o
 .debug_aranges
                0x0000000000000d78       0x48 build/stm32f7xx_hal_pcd_ex.o
 .debug_aranges
                0x0000000000000dc0      0x198 build/stm32f7xx_ll_usb.o
 .debug_aranges
                0x0000000000000f58       0x20 build/usb_device.o
 .debug_aranges
                0x0000000000000f78       0x68 build/usbd_desc.o
 .debug_aranges
                0x0000000000000fe0       0x48 build/usbd_cdc_if.o
 .debug_aranges
                0x0000000000001028      0x110 build/usbd_conf.o
 .debug_aranges
                0x0000000000001138       0xb8 build/usbd_core.o
 .debug_aranges
                0x00000000000011f0       0x88 build/usbd_ctlreq.o
 .debug_aranges
                0x0000000000001278       0x50 build/usbd_ioreq.o
 .debug_aranges
                0x00000000000012c8       0x90 build/usbd_cdc.o
 .debug_aranges
                0x0000000000001358      0x1d8 build/stm32f7xx_hal_spi.o
 .debug_aranges
                0x0000000000001530       0x28 build/startup_stm32f765xx.o
 .debug_aranges
                0x0000000000001558       0x18 /usr/lib/gcc/arm-none-eabi/9.2.1/../../../arm-none-eabi/lib/thumb/v7e-m+dp/hard/libc_nano.a(lib_a-impure.o)
 .debug_aranges
                0x0000000000001570       0x20 /usr/lib/gcc/arm-none-eabi/9.2.1/../../../arm-none-eabi/lib/thumb/v7e-m+dp/hard/libc_nano.a(lib_a-init.o)
 .debug_aranges
                0x0000000000001590       0x20 /usr/lib/gcc/arm-none-eabi/9.2.1/../../../arm-none-eabi/lib/thumb/v7e-m+dp/hard/libc_nano.a(lib_a-malloc.o)
 .debug_aranges
                0x00000000000015b0       0x20 /usr/lib/gcc/arm-none-eabi/9.2.1/../../../arm-none-eabi/lib/thumb/v7e-m+dp/hard/libc_nano.a(lib_a-memset.o)
 .debug_aranges
                0x00000000000015d0       0x20 /usr/lib/gcc/arm-none-eabi/9.2.1/../../../arm-none-eabi/lib/thumb/v7e-m+dp/hard/libc_nano.a(lib_a-nano-freer.o)
 .debug_aranges
                0x00000000000015f0       0x20 /usr/lib/gcc/arm-none-eabi/9.2.1/../../../arm-none-eabi/lib/thumb/v7e-m+dp/hard/libc_nano.a(lib_a-nano-mallocr.o)
 .debug_aranges
                0x0000000000001610       0x20 /usr/lib/gcc/arm-none-eabi/9.2.1/../../../arm-none-eabi/lib/thumb/v7e-m+dp/hard/libc_nano.a(lib_a-sbrkr.o)
 .debug_aranges
                0x0000000000001630       0x20 /usr/lib/gcc/arm-none-eabi/9.2.1/../../../arm-none-eabi/lib/thumb/v7e-m+dp/hard/libc_nano.a(lib_a-sprintf.o)
 .debug_aranges
                0x0000000000001650       0x20 /usr/lib/gcc/arm-none-eabi/9.2.1/../../../arm-none-eabi/lib/thumb/v7e-m+dp/hard/libc_nano.a(lib_a-mlock.o)
 .debug_aranges
                0x0000000000001670       0x20 /usr/lib/gcc/arm-none-eabi/9.2.1/../../../arm-none-eabi/lib/thumb/v7e-m+dp/hard/libc_nano.a(lib_a-nano-svfprintf.o)
 .debug_aranges
                0x0000000000001690       0x20 /usr/lib/gcc/arm-none-eabi/9.2.1/../../../arm-none-eabi/lib/thumb/v7e-m+dp/hard/libc_nano.a(lib_a-nano-vfprintf_i.o)
 .debug_aranges
                0x00000000000016b0       0x20 /usr/lib/gcc/arm-none-eabi/9.2.1/../../../arm-none-eabi/lib/thumb/v7e-m+dp/hard/libc_nano.a(lib_a-reent.o)
 .debug_aranges
                0x00000000000016d0       0x20 /usr/lib/gcc/arm-none-eabi/9.2.1/../../../arm-none-eabi/lib/thumb/v7e-m+dp/hard/libc_nano.a(lib_a-memchr.o)
 .debug_aranges
                0x00000000000016f0       0x20 /usr/lib/gcc/arm-none-eabi/9.2.1/../../../arm-none-eabi/lib/thumb/v7e-m+dp/hard/libc_nano.a(lib_a-memcpy.o)
 .debug_aranges
                0x0000000000001710       0x20 /usr/lib/gcc/arm-none-eabi/9.2.1/../../../arm-none-eabi/lib/thumb/v7e-m+dp/hard/libc_nano.a(lib_a-memmove.o)
 .debug_aranges
                0x0000000000001730       0x20 /usr/lib/gcc/arm-none-eabi/9.2.1/../../../arm-none-eabi/lib/thumb/v7e-m+dp/hard/libc_nano.a(lib_a-nano-reallocr.o)
 .debug_aranges
                0x0000000000001750       0x20 /usr/lib/gcc/arm-none-eabi/9.2.1/../../../arm-none-eabi/lib/thumb/v7e-m+dp/hard/libc_nano.a(lib_a-nano-msizer.o)
 .debug_aranges
                0x0000000000001770       0x20 /usr/lib/gcc/arm-none-eabi/9.2.1/../../../arm-none-eabi/lib/thumb/v7e-m+dp/hard/libnosys.a(sbrk.o)
 .debug_aranges
                0x0000000000001790       0x20 /usr/lib/gcc/arm-none-eabi/9.2.1/thumb/v7e-m+dp/hard/libgcc.a(_aeabi_uldivmod.o)
 .debug_aranges
                0x00000000000017b0       0x20 /usr/lib/gcc/arm-none-eabi/9.2.1/thumb/v7e-m+dp/hard/libgcc.a(_udivmoddi4.o)
 .debug_aranges
                0x00000000000017d0       0x20 /usr/lib/gcc/arm-none-eabi/9.2.1/thumb/v7e-m+dp/hard/libgcc.a(_dvmd_tls.o)

.debug_ranges   0x0000000000000000     0x1638
 .debug_ranges  0x0000000000000000       0x60 build/main.o
 .debug_ranges  0x0000000000000060       0x58 build/stm32f7xx_it.o
 .debug_ranges  0x00000000000000b8       0x48 build/stm32f7xx_hal_msp.o
 .debug_ranges  0x0000000000000100       0xf8 build/stm32f7xx_hal_cortex.o
 .debug_ranges  0x00000000000001f8      0x3d0 build/stm32f7xx_hal_tim.o
 .debug_ranges  0x00000000000005c8      0x170 build/stm32f7xx_hal_tim_ex.o
 .debug_ranges  0x0000000000000738       0x78 build/stm32f7xx_hal_rcc.o
 .debug_ranges  0x00000000000007b0       0x40 build/stm32f7xx_hal_rcc_ex.o
 .debug_ranges  0x00000000000007f0       0x48 build/stm32f7xx_hal_gpio.o
 .debug_ranges  0x0000000000000838       0x70 build/stm32f7xx_hal_pwr_ex.o
 .debug_ranges  0x00000000000008a8      0x100 build/stm32f7xx_hal.o
 .debug_ranges  0x00000000000009a8       0x18 build/system_stm32f7xx.o
 .debug_ranges  0x00000000000009c0      0x238 build/stm32f7xx_hal_uart.o
 .debug_ranges  0x0000000000000bf8      0x130 build/stm32f7xx_hal_pcd.o
 .debug_ranges  0x0000000000000d28       0x38 build/stm32f7xx_hal_pcd_ex.o
 .debug_ranges  0x0000000000000d60      0x188 build/stm32f7xx_ll_usb.o
 .debug_ranges  0x0000000000000ee8       0x10 build/usb_device.o
 .debug_ranges  0x0000000000000ef8       0x58 build/usbd_desc.o
 .debug_ranges  0x0000000000000f50       0x38 build/usbd_cdc_if.o
 .debug_ranges  0x0000000000000f88      0x100 build/usbd_conf.o
 .debug_ranges  0x0000000000001088       0xa8 build/usbd_core.o
 .debug_ranges  0x0000000000001130       0x78 build/usbd_ctlreq.o
 .debug_ranges  0x00000000000011a8       0x40 build/usbd_ioreq.o
 .debug_ranges  0x00000000000011e8       0x80 build/usbd_cdc.o
 .debug_ranges  0x0000000000001268      0x1c8 build/stm32f7xx_hal_spi.o
 .debug_ranges  0x0000000000001430       0x20 build/startup_stm32f765xx.o
 .debug_ranges  0x0000000000001450       0x18 /usr/lib/gcc/arm-none-eabi/9.2.1/../../../arm-none-eabi/lib/thumb/v7e-m+dp/hard/libc_nano.a(lib_a-nano-freer.o)
 .debug_ranges  0x0000000000001468       0x38 /usr/lib/gcc/arm-none-eabi/9.2.1/../../../arm-none-eabi/lib/thumb/v7e-m+dp/hard/libc_nano.a(lib_a-nano-mallocr.o)
 .debug_ranges  0x00000000000014a0       0x38 /usr/lib/gcc/arm-none-eabi/9.2.1/../../../arm-none-eabi/lib/thumb/v7e-m+dp/hard/libc_nano.a(lib_a-nano-svfprintf.o)
 .debug_ranges  0x00000000000014d8       0x98 /usr/lib/gcc/arm-none-eabi/9.2.1/../../../arm-none-eabi/lib/thumb/v7e-m+dp/hard/libc_nano.a(lib_a-nano-vfprintf_i.o)
 .debug_ranges  0x0000000000001570       0xc8 /usr/lib/gcc/arm-none-eabi/9.2.1/thumb/v7e-m+dp/hard/libgcc.a(_udivmoddi4.o)

.debug_line     0x0000000000000000    0x1c2a4
 .debug_line    0x0000000000000000      0xa9a build/main.o
 .debug_line    0x0000000000000a9a      0x27e build/stm32f7xx_it.o
 .debug_line    0x0000000000000d18      0x47e build/stm32f7xx_hal_msp.o
 .debug_line    0x0000000000001196      0x717 build/stm32f7xx_hal_cortex.o
 .debug_line    0x00000000000018ad     0x4eb7 build/stm32f7xx_hal_tim.o
 .debug_line    0x0000000000006764     0x1e69 build/stm32f7xx_hal_tim_ex.o
 .debug_line    0x00000000000085cd      0xc6b build/stm32f7xx_hal_rcc.o
 .debug_line    0x0000000000009238      0xba1 build/stm32f7xx_hal_rcc_ex.o
 .debug_line    0x0000000000009dd9      0x6ba build/stm32f7xx_hal_gpio.o
 .debug_line    0x000000000000a493      0x4e8 build/stm32f7xx_hal_pwr_ex.o
 .debug_line    0x000000000000a97b      0x535 build/stm32f7xx_hal.o
 .debug_line    0x000000000000aeb0      0x1fa build/system_stm32f7xx.o
 .debug_line    0x000000000000b0aa     0x5105 build/stm32f7xx_hal_uart.o
 .debug_line    0x00000000000101af     0x1324 build/stm32f7xx_hal_pcd.o
 .debug_line    0x00000000000114d3      0x2fc build/stm32f7xx_hal_pcd_ex.o
 .debug_line    0x00000000000117cf     0x1c7d build/stm32f7xx_ll_usb.o
 .debug_line    0x000000000001344c      0x280 build/usb_device.o
 .debug_line    0x00000000000136cc      0x424 build/usbd_desc.o
 .debug_line    0x0000000000013af0      0x30b build/usbd_cdc_if.o
 .debug_line    0x0000000000013dfb      0x8a5 build/usbd_conf.o
 .debug_line    0x00000000000146a0      0x86c build/usbd_core.o
 .debug_line    0x0000000000014f0c      0xd57 build/usbd_ctlreq.o
 .debug_line    0x0000000000015c63      0x34e build/usbd_ioreq.o
 .debug_line    0x0000000000015fb1      0x859 build/usbd_cdc.o
 .debug_line    0x000000000001680a     0x28ef build/stm32f7xx_hal_spi.o
 .debug_line    0x00000000000190f9       0x76 build/startup_stm32f765xx.o